<testsuites id="" name="" tests="2" failures="0" skipped="0" errors="0" time="3.4377359999999997">
<testsuite name="manual-google-auth-test.spec.ts" timestamp="2025-08-19T22:55:44.333Z" hostname="chromium" tests="2" failures="0" skipped="0" time="4.4" errors="0">
<testcase name="Manual Google Authentication Visual Test › should capture current state of authentication pages" classname="manual-google-auth-test.spec.ts" time="2.74">
<system-out>
<![CDATA[Testing Google authentication flow...
Step 1: Navigating to home page
✓ Home page screenshot saved
Step 2: Navigating to auth page
✓ Auth page screenshot saved
Page title: 
Found authentication-related elements: [
  {
    tagName: [32m'HTML'[39m,
    textContent: [32m"@font-face{font-family:'__nextjs-Geist';font-style:normal;font-weight:400 600;font-display:swap;src:url(/__nextjs_font/geist-latin-ext.woff2) format('woff2');unicode-range:U+0100-02BA,U+02BD-02C5,U+02C7-02CC,U+02CE-02D7,U+02DD-02FF,U+0304,U+0308,U+0329,U+1D00-1DBF,U+1E00-1E9F,U+1EF2-1EFF,U+2020,U+20A0-20AB,U+20AD-20C0,U+2113,U+2C60-2C7F,U+A720-A7FF}@font-face{font-family:'__nextjs-Geist Mono';font-style:normal;font-weight:400 600;font-display:swap;src:url(/__nextjs_font/geist-mono-latin-ext.woff2) format('woff2');unicode-range:U+0100-02BA,U+02BD-02C5,U+02C7-02CC,U+02CE-02D7,U+02DD-02FF,U+0304,U+0308,U+0329,U+1D00-1DBF,U+1E00-1E9F,U+1EF2-1EFF,U+2020,U+20A0-20AB,U+20AD-20C0,U+2113,U+2C60-2C7F,U+A720-A7FF}@font-face{font-family:'__nextjs-Geist';font-style:normal;font-weight:400 600;font-display:swap;src:url(/__nextjs_font/geist-latin.woff2) format('woff2');unicode-range:U+0000-00FF,U+0131,U+0152-0153,U+02BB-02BC,U+02C6,U+02DA,U+02DC,U+0304,U+0308,U+0329,U+2000-206F,U+20AC,U+2122,U+2191,U+2193,U+2212,U+2215,U+FEFF,U+FFFD}@font-face{font-family:'__nextjs-Geist Mono';font-style:normal;font-weight:400 600;font-display:swap;src:url(/__nextjs_font/geist-mono-latin.woff2) format('woff2');unicode-range:U+0000-00FF,U+0131,U+0152-0153,U+02BB-02BC,U+02C6,U+02DA,U+02DC,U+0304,U+0308,U+0329,U+2000-206F,U+20AC,U+2122,U+2191,U+2193,U+2212,U+2215,U+FEFF,U+FFFD}((e, i, s, u, m, a, l, h)=>{\n"[39m +
      [32m'    let d = document.documentElement, w = [\n'[39m +
      [32m'        "light",\n'[39m +
      [32m'        "dark"\n'[39m +
      [32m'    ];\n'[39m +
      [32m'    function p(n) {\n'[39m +
      [32m'        (Array.isArray(e) ? e : [\n'[39m +
      [32m'            e\n'[39m +
      [32m'        ]).forEach((y)=>{\n'[39m +
      [32m'            let k = y === "class", S = k && a ? m.map((f)=>a[f] || f) : m;\n'[39m +
      [32m'            k ? (d.classList.remove(...S), d.classList.add(a && a[n] ? a[n] : n)) : d.setAttribute(y, n);\n'[39m +
      [32m'        }), R(n);\n'[39m +
      [32m'    }\n'[39m +
      [32m'    function R(n) {\n'[39m +
      [32m'        h && w.includes(n) && (d.style.colorScheme = n);\n'[39m +
      [32m'    }\n'[39m +
      [32m'    function c() {\n'[39m +
      [32m'        return window.matchMedia("(prefers-color-scheme: dark)").matches ? "dark" : "light";\n'[39m +
      [32m'    }\n'[39m +
      [32m'    if (u) p(u);\n'[39m +
      [32m'    else try {\n'[39m +
      [32m'        let n = localStorage.getItem(i) || s, y = l && n === "system" ? c() : n;\n'[39m +
      [32m'        p(y);\n'[39m +
      [32m'    } catch (n) {}\n'[39m +
      [32m'})("class","theme","light",null,["light","dark"],null,true,true)requestAnimationFrame(function(){$RT=performance.now()});(self.__next_f=self.__next_f||[]).push([0])self.__next_f.push([1,"7:\\"$Sreact.fragment\\"\\n1d:I[\\"(app-pages-browser)/./src/components/providers/theme-provider.tsx\\",[\\"app/layout\\",\\"static/chunks/app/layout.js\\"],\\"ThemeProvider\\"]\\n1f:I[\\"(app-pages-browser)/./src/components/providers/auth-provider.tsx\\",[\\"app/layout\\",\\"static/chunks/app/layout.js\\"],\\"AuthProvider\\"]\\n21:I[\\"(app-pages-browser)/./src/components/layout/main-layout.tsx\\",[\\"app/layout\\",\\"static/chunks/app/layout.js\\"],\\"MainLayout\\"]\\n23:I[\\"(app-pages-browser)/./node_modules/next/dist/client/components/layout-router.js\\",[\\"app-pages-internals\\",\\"static/chunks/app-pages-internals.js\\"],\\"\\"]\\n25:I[\\"(app-pages-browser)/./node_modules/next/dist/client/components/render-from-template-context.js\\",[\\"app-pages-internals\\",\\"static/chunks/app-pages-internals.js\\"],\\"\\"]\\n35:I[\\"(app-pages-browser)/./node_modules/next/dist/client/components/client-page.js\\",[\\"app-pages-internals\\",\\"static/chunks/app-pages-internals.js\\"],\\"ClientPageRoot\\"]\\n36:I[\\"(app-pages-browser)/./src/app/auth/page.tsx\\",[\\"app/auth/page\\",\\"static/chunks/app/auth/page.js\\"],\\"default\\"]\\n38:I[\\"(app-pages-browser)/./node_modules/next/dist/client/components/metadata/metadata-boundary.js\\",[\\"app-pages-internals\\",\\"static/chunks/app-pages-internals.js\\"],\\"OutletBoundary\\"]\\n3f:I[\\"(app-pages-browser)/./node_modules/next/dist/client/components/metadata/async-metadata.js\\",[\\"app-pages-internals\\",\\"static/chunks/app-pages-internals.js\\"],\\"AsyncMetadataOutlet\\"]\\n47:I[\\"(app-pages-browser)/./node_modules/next/dist/client/components/metadata/metadata-boundary.js\\",[\\"app-pages-internals\\",\\"static/chunks/app-pages-internals.js\\"],\\"ViewportBoundary\\"]\\n4e:I[\\"(app-pages-browser)/./node_modules/next/dist/client/components/metadata/metadata-boundary.js\\",[\\"app-pages-internals\\",\\"static/chunks/app-pages-internals.js\\"],\\"MetadataBoundary\\"]\\n53:\\"$Sreact.suspense\\"\\n57:I[\\"(app-pages-browser)/./node_modules/next/dist/client/components/builtin/global-error.js\\",[\\"app-pages-internals\\",\\"static/chunks/app-pages-internals.js\\"],\\"\\"]\\n:HL[\\"/_next/static/media/569ce4b8f30dc480-s.p.woff2\\",\\"font\\",{\\"crossOrigin\\":\\"\\",\\"type\\":\\"font/woff2\\"}]\\n:HL[\\"/_next/static"])self.__next_f.push([1,"/media/93f479601ee12b01-s.p.woff2\\",\\"font\\",{\\"crossOrigin\\":\\"\\",\\"type\\":\\"font/woff2\\"}]\\n:HL[\\"/_next/static/css/app/layout.css?v=1755644146541\\",\\"style\\"]\\n3:\\"$E(()=\\u003e{ctx.componentMod.preloadFont(href,type,ctx.renderOpts.crossOrigin,ctx.nonce)})\\"\\n4:\\"$E(()=\\u003e{ctx.componentMod.preloadFont(href,type,ctx.renderOpts.crossOrigin,ctx.nonce)})\\"\\n5:\\"$E(()=\\u003e{ctx.componentMod.preloadStyle(fullHref,ctx.renderOpts.crossOrigin,ctx.nonce)})\\"\\n2:{\\"name\\":\\"Preloads\\",\\"key\\":null,\\"env\\":\\"Server\\",\\"stack\\":[],\\"props\\":{\\"preloadCallbacks\\":[\\"$3\\",\\"$4\\",\\"$5\\"]}}\\n6:[]\\n8:[[\\"Array.map\\",\\"\\",0,0,0,0,false]]\\nb:I[\\"(app-pages-browser)/./node_modules/next/dist/client/components/layout-router.js\\",[\\"app-pages-internals\\",\\"static/chunks/app-pages-internals.js\\"],\\"\\"]\\ne:I[\\"(app-pages-browser)/./node_modules/next/dist/client/components/render-from-template-context.js\\",[\\"app-pages-internals\\",\\"static/chunks/app-pages-internals.js\\"],\\"\\"]\\nf:{}\\n10:[]\\nd:{\\"children\\":[\\"$\\",\\"$Le\\",null,\\"$f\\",null,\\"$10\\",1]}\\n11:[]\\nc:{\\"parallelRouterKey\\":\\"children\\",\\"error\\":\\"$undefined\\",\\"errorStyles\\":\\"$undefined\\",\\"errorScripts\\":\\"$undefined\\",\\"template\\":[\\"$\\",\\"$7\\",null,\\"$d\\",null,\\"$11\\",0],\\"templateStyles\\":\\"$undefined\\",\\"templateScripts\\":\\"$undefined\\",\\"notFound\\":\\"$Y\\",\\"forbidden\\":\\"$undefined\\",\\"unauthorized\\":\\"$undefined\\"}\\n12:[]\\na:{\\"name\\":\\"RootLayout\\",\\"key\\":null,\\"env\\":\\"Server\\",\\"stack\\":[],\\"props\\":{\\"children\\":[\\"$\\",\\"$Lb\\",null,\\"$c\\",null,\\"$12\\",1],\\"params\\":\\"$Y\\"}}\\n13:[[\\"RootLayout\\",\\"webpack-internal:///(rsc)/./src/app/layout.tsx\\",65,87,64,1,false]]\\n14:[[\\"RootLayout\\",\\"webpack-internal:///(rsc)/./src/app/layout.tsx\\",70,88,64,1,false]]\\n15:[[\\"RootLayout\\",\\"webpack-internal:///(rsc)/./src/app/layout.tsx\\",72,96,64,1,false]]\\n16:[[\\"RootLayout\\",\\"webpack-internal:///(rsc)/./src/app/layout.tsx\\",80,96,64,1,false]]\\n17:[[\\"RootLayout\\",\\"webpack-internal:///(rsc)/./src/app/layout.tsx\\",88,96,64,1,false]]\\n18:[[\\"RootLayout\\",\\"webpack-internal:///(rsc)/./src/app/layout.tsx\\",96,96,64,1,false]]\\n19:[[\\"RootLayout\\",\\"webpack-internal:///(rsc)/./src/app/layout.tsx\\",104,96,64,1,false]]\\n1a:[[\\"RootLayout\\",\\"webpack-internal:///(rsc)/./src/app/layout.tsx\\",112"])self.__next_f.push([1,",96,64,1,false]]\\n1b:[[\\"RootLayout\\",\\"webpack-internal:///(rsc)/./src/app/layout.tsx\\",126,88,64,1,false]]\\n1c:[[\\"RootLayout\\",\\"webpack-internal:///(rsc)/./src/app/layout.tsx\\",128,102,64,1,false]]\\n1e:[[\\"RootLayout\\",\\"webpack-internal:///(rsc)/./src/app/layout.tsx\\",133,106,64,1,false]]\\n20:[[\\"RootLayout\\",\\"webpack-internal:///(rsc)/./src/app/layout.tsx\\",134,110,64,1,false]]\\n22:[]\\n24:[]\\n27:{\\"name\\":\\"NotFound\\",\\"key\\":null,\\"env\\":\\"Server\\",\\"stack\\":[],\\"props\\":{}}\\n28:{\\"name\\":\\"HTTPAccessErrorFallback\\",\\"key\\":null,\\"env\\":\\"Server\\",\\"owner\\":\\"$27\\",\\"stack\\":[],\\"props\\":{\\"status\\":404,\\"message\\":\\"This page could not be found.\\"}}\\n29:[]\\n2a:[]\\n2b:[]\\n2c:[]\\n2d:[]\\n2e:[]\\n2f:[]\\n30:[]\\n31:[]\\n32:[]\\n33:[]\\n34:[]\\n37:[]\\n3b:\\"$E(async function getViewportReady() {\\\\n        await viewport();\\\\n        return undefined;\\\\n    })\\"\\n3a:{\\"name\\":\\"__next_outlet_boundary__\\",\\"key\\":null,\\"env\\":\\"Server\\",\\"stack\\":[],\\"props\\":{\\"ready\\":\\"$3b\\"}}\\n3d:{\\"name\\":\\"StreamingMetadataOutletImpl\\",\\"key\\":null,\\"env\\":\\"Server\\",\\"stack\\":[],\\"props\\":{}}\\n3e:[]\\n41:[]\\n43:{\\"name\\":\\"NonIndex\\",\\"key\\":null,\\"env\\":\\"Server\\",\\"stack\\":[],\\"props\\":{\\"pagePath\\":\\"/auth\\",\\"statusCode\\":200,\\"isPossibleServerAction\\":false}}\\n45:{\\"name\\":\\"ViewportTree\\",\\"key\\":null,\\"env\\":\\"Server\\",\\"stack\\":[],\\"props\\":{}}\\n46:[]\\n49:{\\"name\\":\\"__next_viewport_boundary__\\",\\"key\\":null,\\"env\\":\\"Server\\",\\"owner\\":\\"$45\\",\\"stack\\":[],\\"props\\":{}}\\n4a:[]\\n4c:{\\"name\\":\\"MetadataTree\\",\\"key\\":null,\\"env\\":\\"Server\\",\\"stack\\":[],\\"props\\":{}}\\n4d:[]\\n50:{\\"name\\":\\"__next_metadata_boundary__\\",\\"key\\":null,\\"env\\":\\"Server\\",\\"owner\\":\\"$4c\\",\\"stack\\":[],\\"props\\":{}}\\n51:[]\\n52:[]\\n55:{\\"name\\":\\"MetadataResolver\\",\\"key\\":null,\\"env\\":\\"Server\\",\\"owner\\":\\"$50\\",\\"stack\\":[],\\"props\\":{}}\\n58:[]\\n59:[]\\n5a:[[\\"Array.map\\",\\"\\",0,0,0,0,false]]\\n5b:[[\\"Array.map\\",\\"\\",0,0,0,0,false]]\\n1:D\\"$2\\"\\n1:null\\n9:D\\"$a\\"\\n26:D\\"$27\\"\\n26:D\\"$28\\"\\n"])self.__next_f.push([1,"26:[[\\"$\\",\\"title\\",null,{\\"children\\":\\"404: This page could not be found.\\"},\\"$28\\",\\"$29\\",1],[\\"$\\",\\"div\\",null,{\\"style\\":{\\"fontFamily\\":\\"system-ui,\\\\\\"Segoe UI\\\\\\",Roboto,Helvetica,Arial,sans-serif,\\\\\\"Apple Color Emoji\\\\\\",\\\\\\"Segoe UI Emoji\\\\\\"\\",\\"height\\":\\"100vh\\",\\"textAlign\\":\\"center\\",\\"display\\":\\"flex\\",\\"flexDirection\\":\\"column\\",\\"alignItems\\":\\"center\\",\\"justifyContent\\":\\"center\\"},\\"children\\":[\\"$\\",\\"div\\",null,{\\"children\\":[[\\"$\\",\\"style\\",null,{\\"dangerouslySetInnerHTML\\":{\\"__html\\":\\"body{color:#000;background:#fff;margin:0}.next-error-h1{border-right:1px solid rgba(0,0,0,.3)}@media (prefers-color-scheme:dark){body{color:#fff;background:#000}.next-error-h1{border-right:1px solid rgba(255,255,255,.3)}}\\"}},\\"$28\\",\\"$2c\\",1],[\\"$\\",\\"h1\\",null,{\\"className\\":\\"next-error-h1\\",\\"style\\":{\\"display\\":\\"inline-block\\",\\"margin\\":\\"0 20px 0 0\\",\\"padding\\":\\"0 23px 0 0\\",\\"fontSize\\":24,\\"fontWeight\\":500,\\"verticalAlign\\":\\"top\\",\\"lineHeight\\":\\"49px\\"},\\"children\\":404},\\"$28\\",\\"$2d\\",1],[\\"$\\",\\"div\\",null,{\\"style\\":{\\"display\\":\\"inline-block\\"},\\"children\\":[\\"$\\",\\"h2\\",null,{\\"style\\":{\\"fontSize\\":14,\\"fontWeight\\":400'[39m... 6872 more characters,
    className: [32m''[39m,
    id: [32m'__next_error__'[39m
  },
  {
    tagName: [32m'BODY'[39m,
    textContent: [32m'((e, i, s, u, m, a, l, h)=>{\n'[39m +
      [32m'    let d = document.documentElement, w = [\n'[39m +
      [32m'        "light",\n'[39m +
      [32m'        "dark"\n'[39m +
      [32m'    ];\n'[39m +
      [32m'    function p(n) {\n'[39m +
      [32m'        (Array.isArray(e) ? e : [\n'[39m +
      [32m'            e\n'[39m +
      [32m'        ]).forEach((y)=>{\n'[39m +
      [32m'            let k = y === "class", S = k && a ? m.map((f)=>a[f] || f) : m;\n'[39m +
      [32m'            k ? (d.classList.remove(...S), d.classList.add(a && a[n] ? a[n] : n)) : d.setAttribute(y, n);\n'[39m +
      [32m'        }), R(n);\n'[39m +
      [32m'    }\n'[39m +
      [32m'    function R(n) {\n'[39m +
      [32m'        h && w.includes(n) && (d.style.colorScheme = n);\n'[39m +
      [32m'    }\n'[39m +
      [32m'    function c() {\n'[39m +
      [32m'        return window.matchMedia("(prefers-color-scheme: dark)").matches ? "dark" : "light";\n'[39m +
      [32m'    }\n'[39m +
      [32m'    if (u) p(u);\n'[39m +
      [32m'    else try {\n'[39m +
      [32m'        let n = localStorage.getItem(i) || s, y = l && n === "system" ? c() : n;\n'[39m +
      [32m'        p(y);\n'[39m +
      [32m'    } catch (n) {}\n'[39m +
      [32m'})("class","theme","light",null,["light","dark"],null,true,true)requestAnimationFrame(function(){$RT=performance.now()});(self.__next_f=self.__next_f||[]).push([0])self.__next_f.push([1,"7:\\"$Sreact.fragment\\"\\n1d:I[\\"(app-pages-browser)/./src/components/providers/theme-provider.tsx\\",[\\"app/layout\\",\\"static/chunks/app/layout.js\\"],\\"ThemeProvider\\"]\\n1f:I[\\"(app-pages-browser)/./src/components/providers/auth-provider.tsx\\",[\\"app/layout\\",\\"static/chunks/app/layout.js\\"],\\"AuthProvider\\"]\\n21:I[\\"(app-pages-browser)/./src/components/layout/main-layout.tsx\\",[\\"app/layout\\",\\"static/chunks/app/layout.js\\"],\\"MainLayout\\"]\\n23:I[\\"(app-pages-browser)/./node_modules/next/dist/client/components/layout-router.js\\",[\\"app-pages-internals\\",\\"static/chunks/app-pages-internals.js\\"],\\"\\"]\\n25:I[\\"(app-pages-browser)/./node_modules/next/dist/client/components/render-from-template-context.js\\",[\\"app-pages-internals\\",\\"static/chunks/app-pages-internals.js\\"],\\"\\"]\\n35:I[\\"(app-pages-browser)/./node_modules/next/dist/client/components/client-page.js\\",[\\"app-pages-internals\\",\\"static/chunks/app-pages-internals.js\\"],\\"ClientPageRoot\\"]\\n36:I[\\"(app-pages-browser)/./src/app/auth/page.tsx\\",[\\"app/auth/page\\",\\"static/chunks/app/auth/page.js\\"],\\"default\\"]\\n38:I[\\"(app-pages-browser)/./node_modules/next/dist/client/components/metadata/metadata-boundary.js\\",[\\"app-pages-internals\\",\\"static/chunks/app-pages-internals.js\\"],\\"OutletBoundary\\"]\\n3f:I[\\"(app-pages-browser)/./node_modules/next/dist/client/components/metadata/async-metadata.js\\",[\\"app-pages-internals\\",\\"static/chunks/app-pages-internals.js\\"],\\"AsyncMetadataOutlet\\"]\\n47:I[\\"(app-pages-browser)/./node_modules/next/dist/client/components/metadata/metadata-boundary.js\\",[\\"app-pages-internals\\",\\"static/chunks/app-pages-internals.js\\"],\\"ViewportBoundary\\"]\\n4e:I[\\"(app-pages-browser)/./node_modules/next/dist/client/components/metadata/metadata-boundary.js\\",[\\"app-pages-internals\\",\\"static/chunks/app-pages-internals.js\\"],\\"MetadataBoundary\\"]\\n53:\\"$Sreact.suspense\\"\\n57:I[\\"(app-pages-browser)/./node_modules/next/dist/client/components/builtin/global-error.js\\",[\\"app-pages-internals\\",\\"static/chunks/app-pages-internals.js\\"],\\"\\"]\\n:HL[\\"/_next/static/media/569ce4b8f30dc480-s.p.woff2\\",\\"font\\",{\\"crossOrigin\\":\\"\\",\\"type\\":\\"font/woff2\\"}]\\n:HL[\\"/_next/static"])self.__next_f.push([1,"/media/93f479601ee12b01-s.p.woff2\\",\\"font\\",{\\"crossOrigin\\":\\"\\",\\"type\\":\\"font/woff2\\"}]\\n:HL[\\"/_next/static/css/app/layout.css?v=1755644146541\\",\\"style\\"]\\n3:\\"$E(()=\\u003e{ctx.componentMod.preloadFont(href,type,ctx.renderOpts.crossOrigin,ctx.nonce)})\\"\\n4:\\"$E(()=\\u003e{ctx.componentMod.preloadFont(href,type,ctx.renderOpts.crossOrigin,ctx.nonce)})\\"\\n5:\\"$E(()=\\u003e{ctx.componentMod.preloadStyle(fullHref,ctx.renderOpts.crossOrigin,ctx.nonce)})\\"\\n2:{\\"name\\":\\"Preloads\\",\\"key\\":null,\\"env\\":\\"Server\\",\\"stack\\":[],\\"props\\":{\\"preloadCallbacks\\":[\\"$3\\",\\"$4\\",\\"$5\\"]}}\\n6:[]\\n8:[[\\"Array.map\\",\\"\\",0,0,0,0,false]]\\nb:I[\\"(app-pages-browser)/./node_modules/next/dist/client/components/layout-router.js\\",[\\"app-pages-internals\\",\\"static/chunks/app-pages-internals.js\\"],\\"\\"]\\ne:I[\\"(app-pages-browser)/./node_modules/next/dist/client/components/render-from-template-context.js\\",[\\"app-pages-internals\\",\\"static/chunks/app-pages-internals.js\\"],\\"\\"]\\nf:{}\\n10:[]\\nd:{\\"children\\":[\\"$\\",\\"$Le\\",null,\\"$f\\",null,\\"$10\\",1]}\\n11:[]\\nc:{\\"parallelRouterKey\\":\\"children\\",\\"error\\":\\"$undefined\\",\\"errorStyles\\":\\"$undefined\\",\\"errorScripts\\":\\"$undefined\\",\\"template\\":[\\"$\\",\\"$7\\",null,\\"$d\\",null,\\"$11\\",0],\\"templateStyles\\":\\"$undefined\\",\\"templateScripts\\":\\"$undefined\\",\\"notFound\\":\\"$Y\\",\\"forbidden\\":\\"$undefined\\",\\"unauthorized\\":\\"$undefined\\"}\\n12:[]\\na:{\\"name\\":\\"RootLayout\\",\\"key\\":null,\\"env\\":\\"Server\\",\\"stack\\":[],\\"props\\":{\\"children\\":[\\"$\\",\\"$Lb\\",null,\\"$c\\",null,\\"$12\\",1],\\"params\\":\\"$Y\\"}}\\n13:[[\\"RootLayout\\",\\"webpack-internal:///(rsc)/./src/app/layout.tsx\\",65,87,64,1,false]]\\n14:[[\\"RootLayout\\",\\"webpack-internal:///(rsc)/./src/app/layout.tsx\\",70,88,64,1,false]]\\n15:[[\\"RootLayout\\",\\"webpack-internal:///(rsc)/./src/app/layout.tsx\\",72,96,64,1,false]]\\n16:[[\\"RootLayout\\",\\"webpack-internal:///(rsc)/./src/app/layout.tsx\\",80,96,64,1,false]]\\n17:[[\\"RootLayout\\",\\"webpack-internal:///(rsc)/./src/app/layout.tsx\\",88,96,64,1,false]]\\n18:[[\\"RootLayout\\",\\"webpack-internal:///(rsc)/./src/app/layout.tsx\\",96,96,64,1,false]]\\n19:[[\\"RootLayout\\",\\"webpack-internal:///(rsc)/./src/app/layout.tsx\\",104,96,64,1,false]]\\n1a:[[\\"RootLayout\\",\\"webpack-internal:///(rsc)/./src/app/layout.tsx\\",112"])self.__next_f.push([1,",96,64,1,false]]\\n1b:[[\\"RootLayout\\",\\"webpack-internal:///(rsc)/./src/app/layout.tsx\\",126,88,64,1,false]]\\n1c:[[\\"RootLayout\\",\\"webpack-internal:///(rsc)/./src/app/layout.tsx\\",128,102,64,1,false]]\\n1e:[[\\"RootLayout\\",\\"webpack-internal:///(rsc)/./src/app/layout.tsx\\",133,106,64,1,false]]\\n20:[[\\"RootLayout\\",\\"webpack-internal:///(rsc)/./src/app/layout.tsx\\",134,110,64,1,false]]\\n22:[]\\n24:[]\\n27:{\\"name\\":\\"NotFound\\",\\"key\\":null,\\"env\\":\\"Server\\",\\"stack\\":[],\\"props\\":{}}\\n28:{\\"name\\":\\"HTTPAccessErrorFallback\\",\\"key\\":null,\\"env\\":\\"Server\\",\\"owner\\":\\"$27\\",\\"stack\\":[],\\"props\\":{\\"status\\":404,\\"message\\":\\"This page could not be found.\\"}}\\n29:[]\\n2a:[]\\n2b:[]\\n2c:[]\\n2d:[]\\n2e:[]\\n2f:[]\\n30:[]\\n31:[]\\n32:[]\\n33:[]\\n34:[]\\n37:[]\\n3b:\\"$E(async function getViewportReady() {\\\\n        await viewport();\\\\n        return undefined;\\\\n    })\\"\\n3a:{\\"name\\":\\"__next_outlet_boundary__\\",\\"key\\":null,\\"env\\":\\"Server\\",\\"stack\\":[],\\"props\\":{\\"ready\\":\\"$3b\\"}}\\n3d:{\\"name\\":\\"StreamingMetadataOutletImpl\\",\\"key\\":null,\\"env\\":\\"Server\\",\\"stack\\":[],\\"props\\":{}}\\n3e:[]\\n41:[]\\n43:{\\"name\\":\\"NonIndex\\",\\"key\\":null,\\"env\\":\\"Server\\",\\"stack\\":[],\\"props\\":{\\"pagePath\\":\\"/auth\\",\\"statusCode\\":200,\\"isPossibleServerAction\\":false}}\\n45:{\\"name\\":\\"ViewportTree\\",\\"key\\":null,\\"env\\":\\"Server\\",\\"stack\\":[],\\"props\\":{}}\\n46:[]\\n49:{\\"name\\":\\"__next_viewport_boundary__\\",\\"key\\":null,\\"env\\":\\"Server\\",\\"owner\\":\\"$45\\",\\"stack\\":[],\\"props\\":{}}\\n4a:[]\\n4c:{\\"name\\":\\"MetadataTree\\",\\"key\\":null,\\"env\\":\\"Server\\",\\"stack\\":[],\\"props\\":{}}\\n4d:[]\\n50:{\\"name\\":\\"__next_metadata_boundary__\\",\\"key\\":null,\\"env\\":\\"Server\\",\\"owner\\":\\"$4c\\",\\"stack\\":[],\\"props\\":{}}\\n51:[]\\n52:[]\\n55:{\\"name\\":\\"MetadataResolver\\",\\"key\\":null,\\"env\\":\\"Server\\",\\"owner\\":\\"$50\\",\\"stack\\":[],\\"props\\":{}}\\n58:[]\\n59:[]\\n5a:[[\\"Array.map\\",\\"\\",0,0,0,0,false]]\\n5b:[[\\"Array.map\\",\\"\\",0,0,0,0,false]]\\n1:D\\"$2\\"\\n1:null\\n9:D\\"$a\\"\\n26:D\\"$27\\"\\n26:D\\"$28\\"\\n"])self.__next_f.push([1,"26:[[\\"$\\",\\"title\\",null,{\\"children\\":\\"404: This page could not be found.\\"},\\"$28\\",\\"$29\\",1],[\\"$\\",\\"div\\",null,{\\"style\\":{\\"fontFamily\\":\\"system-ui,\\\\\\"Segoe UI\\\\\\",Roboto,Helvetica,Arial,sans-serif,\\\\\\"Apple Color Emoji\\\\\\",\\\\\\"Segoe UI Emoji\\\\\\"\\",\\"height\\":\\"100vh\\",\\"textAlign\\":\\"center\\",\\"display\\":\\"flex\\",\\"flexDirection\\":\\"column\\",\\"alignItems\\":\\"center\\",\\"justifyContent\\":\\"center\\"},\\"children\\":[\\"$\\",\\"div\\",null,{\\"children\\":[[\\"$\\",\\"style\\",null,{\\"dangerouslySetInnerHTML\\":{\\"__html\\":\\"body{color:#000;background:#fff;margin:0}.next-error-h1{border-right:1px solid rgba(0,0,0,.3)}@media (prefers-color-scheme:dark){body{color:#fff;background:#000}.next-error-h1{border-right:1px solid rgba(255,255,255,.3)}}\\"}},\\"$28\\",\\"$2c\\",1],[\\"$\\",\\"h1\\",null,{\\"className\\":\\"next-error-h1\\",\\"style\\":{\\"display\\":\\"inline-block\\",\\"margin\\":\\"0 20px 0 0\\",\\"padding\\":\\"0 23px 0 0\\",\\"fontSize\\":24,\\"fontWeight\\":500,\\"verticalAlign\\":\\"top\\",\\"lineHeight\\":\\"49px\\"},\\"children\\":404},\\"$28\\",\\"$2d\\",1],[\\"$\\",\\"div\\",null,{\\"style\\":{\\"display\\":\\"inline-block\\"},\\"children\\":[\\"$\\",\\"h2\\",null,{\\"style\\":{\\"fontSize\\":14,\\"fontWeight\\":400,\\"lineHeight\\":\\"49px\\",\\"margin\\":0},\\"children\\":\\"This page could not be found.\\"},\\"$28\\",\\"$2f\\",1]},\\"$28\\",\\"$2e\\",1]]},\\"$28\\",\\"$2b\\",1]},\\"$28\\",\\"$2a\\",1]]\\n"])self.__next_f.push([1,"9:[\\"$\\",\\"html\\",null,{\\"lang\\":\\"en\\",\\"suppressHydrationWarning\\":true,\\"data-scroll-behavior\\":\\"smooth\\",\\"children\\":[[\\"$\\",\\"head\\",null,{\\"children\\":[[\\"$\\",\\"link\\",null,{\\"rel\\":\\"manifest\\",\\"href\\":\\"/manifest.json\\"},\\"$a\\",\\"$15\\",1],[\\"$\\",\\"meta\\",null,{\\"name\\":\\"mobile-web-app-capable\\",\\"content\\":\\"yes\\"},\\"$a\\",\\"$16\\",1],[\\"$\\",\\"meta\\",null,{\\"name\\":\\"apple-mobile-web-app-capable\\",\\"content\\":\\"yes\\"},\\"$a\\",\\"$17\\",1],[\\"$\\",\\"meta\\",null,{\\"name\\":\\"apple-mobile-web-app-status-bar-style\\",\\"content\\":\\"default\\"},\\"$a\\",\\"$18\\",1],[\\"$\\",\\"meta\\",null,{\\"name\\":\\"apple-mobile-web-app-title\\",\\"content\\":\\"NextTaskPro\\"},\\"$a\\",\\"$19\\",1],[\\"$\\",\\"link\\",null,{\\"rel\\":\\"apple-touch-icon\\",\\"href\\":\\"/icon.svg\\"},\\"$a\\",\\"$1a\\",1]]},\\"$a\\",\\"$14\\",1],[\\"$\\",\\"body\\",null,{\\"className\\":\\"__variable_5cfdac __variable_9a8899 antialiased\\",\\"children\\":[\\"$\\",\\"$L1d\\",null,{\\"attribute\\":\\"class\\",\\"defaultTheme\\":\\"light\\",\\"enableSystem\\":true,\\"disableTransitionOnChange\\":true,\\"children\\":[\\"$\\",\\"$L1f\\",null,{\\"children\\":[\\"$\\",\\"$L21\\",null,{\\"children\\":[\\"$\\",\\"$L23\\",null,{\\"parallelRouterKey\\":\\"children\\",\\"error\\":'[39m... 5508 more characters,
    className: [32m''[39m,
    id: [32m''[39m
  },
  {
    tagName: [32m'SCRIPT'[39m,
    textContent: [32m'self.__next_f.push([1,"7:\\"$Sreact.fragment\\"\\n1d:I[\\"(app-pages-browser)/./src/components/providers/theme-provider.tsx\\",[\\"app/layout\\",\\"static/chunks/app/layout.js\\"],\\"ThemeProvider\\"]\\n1f:I[\\"(app-pages-browser)/./src/components/providers/auth-provider.tsx\\",[\\"app/layout\\",\\"static/chunks/app/layout.js\\"],\\"AuthProvider\\"]\\n21:I[\\"(app-pages-browser)/./src/components/layout/main-layout.tsx\\",[\\"app/layout\\",\\"static/chunks/app/layout.js\\"],\\"MainLayout\\"]\\n23:I[\\"(app-pages-browser)/./node_modules/next/dist/client/components/layout-router.js\\",[\\"app-pages-internals\\",\\"static/chunks/app-pages-internals.js\\"],\\"\\"]\\n25:I[\\"(app-pages-browser)/./node_modules/next/dist/client/components/render-from-template-context.js\\",[\\"app-pages-internals\\",\\"static/chunks/app-pages-internals.js\\"],\\"\\"]\\n35:I[\\"(app-pages-browser)/./node_modules/next/dist/client/components/client-page.js\\",[\\"app-pages-internals\\",\\"static/chunks/app-pages-internals.js\\"],\\"ClientPageRoot\\"]\\n36:I[\\"(app-pages-browser)/./src/app/auth/page.tsx\\",[\\"app/auth/page\\",\\"static/chunks/app/auth/page.js\\"],\\"default\\"]\\n38:I[\\"(app-pages-browser)/./node_modules/next/dist/client/components/metadata/metadata-boundary.js\\",[\\"app-pages-internals\\",\\"static/chunks/app-pages-internals.js\\"],\\"OutletBoundary\\"]\\n3f:I[\\"(app-pages-browser)/./node_modules/next/dist/client/components/metadata/async-metadata.js\\",[\\"app-pages-internals\\",\\"static/chunks/app-pages-internals.js\\"],\\"AsyncMetadataOutlet\\"]\\n47:I[\\"(app-pages-browser)/./node_modules/next/dist/client/components/metadata/metadata-boundary.js\\",[\\"app-pages-internals\\",\\"static/chunks/app-pages-internals.js\\"],\\"ViewportBoundary\\"]\\n4e:I[\\"(app-pages-browser)/./node_modules/next/dist/client/components/metadata/metadata-boundary.js\\",[\\"app-pages-internals\\",\\"static/chunks/app-pages-internals.js\\"],\\"MetadataBoundary\\"]\\n53:\\"$Sreact.suspense\\"\\n57:I[\\"(app-pages-browser)/./node_modules/next/dist/client/components/builtin/global-error.js\\",[\\"app-pages-internals\\",\\"static/chunks/app-pages-internals.js\\"],\\"\\"]\\n:HL[\\"/_next/static/media/569ce4b8f30dc480-s.p.woff2\\",\\"font\\",{\\"crossOrigin\\":\\"\\",\\"type\\":\\"font/woff2\\"}]\\n:HL[\\"/_next/static"])'[39m,
    className: [32m''[39m,
    id: [32m''[39m
  },
  {
    tagName: [32m'SCRIPT'[39m,
    textContent: [32m'self.__next_f.push([1,"/media/93f479601ee12b01-s.p.woff2\\",\\"font\\",{\\"crossOrigin\\":\\"\\",\\"type\\":\\"font/woff2\\"}]\\n:HL[\\"/_next/static/css/app/layout.css?v=1755644146541\\",\\"style\\"]\\n3:\\"$E(()=\\u003e{ctx.componentMod.preloadFont(href,type,ctx.renderOpts.crossOrigin,ctx.nonce)})\\"\\n4:\\"$E(()=\\u003e{ctx.componentMod.preloadFont(href,type,ctx.renderOpts.crossOrigin,ctx.nonce)})\\"\\n5:\\"$E(()=\\u003e{ctx.componentMod.preloadStyle(fullHref,ctx.renderOpts.crossOrigin,ctx.nonce)})\\"\\n2:{\\"name\\":\\"Preloads\\",\\"key\\":null,\\"env\\":\\"Server\\",\\"stack\\":[],\\"props\\":{\\"preloadCallbacks\\":[\\"$3\\",\\"$4\\",\\"$5\\"]}}\\n6:[]\\n8:[[\\"Array.map\\",\\"\\",0,0,0,0,false]]\\nb:I[\\"(app-pages-browser)/./node_modules/next/dist/client/components/layout-router.js\\",[\\"app-pages-internals\\",\\"static/chunks/app-pages-internals.js\\"],\\"\\"]\\ne:I[\\"(app-pages-browser)/./node_modules/next/dist/client/components/render-from-template-context.js\\",[\\"app-pages-internals\\",\\"static/chunks/app-pages-internals.js\\"],\\"\\"]\\nf:{}\\n10:[]\\nd:{\\"children\\":[\\"$\\",\\"$Le\\",null,\\"$f\\",null,\\"$10\\",1]}\\n11:[]\\nc:{\\"parallelRouterKey\\":\\"children\\",\\"error\\":\\"$undefined\\",\\"errorStyles\\":\\"$undefined\\",\\"errorScripts\\":\\"$undefined\\",\\"template\\":[\\"$\\",\\"$7\\",null,\\"$d\\",null,\\"$11\\",0],\\"templateStyles\\":\\"$undefined\\",\\"templateScripts\\":\\"$undefined\\",\\"notFound\\":\\"$Y\\",\\"forbidden\\":\\"$undefined\\",\\"unauthorized\\":\\"$undefined\\"}\\n12:[]\\na:{\\"name\\":\\"RootLayout\\",\\"key\\":null,\\"env\\":\\"Server\\",\\"stack\\":[],\\"props\\":{\\"children\\":[\\"$\\",\\"$Lb\\",null,\\"$c\\",null,\\"$12\\",1],\\"params\\":\\"$Y\\"}}\\n13:[[\\"RootLayout\\",\\"webpack-internal:///(rsc)/./src/app/layout.tsx\\",65,87,64,1,false]]\\n14:[[\\"RootLayout\\",\\"webpack-internal:///(rsc)/./src/app/layout.tsx\\",70,88,64,1,false]]\\n15:[[\\"RootLayout\\",\\"webpack-internal:///(rsc)/./src/app/layout.tsx\\",72,96,64,1,false]]\\n16:[[\\"RootLayout\\",\\"webpack-internal:///(rsc)/./src/app/layout.tsx\\",80,96,64,1,false]]\\n17:[[\\"RootLayout\\",\\"webpack-internal:///(rsc)/./src/app/layout.tsx\\",88,96,64,1,false]]\\n18:[[\\"RootLayout\\",\\"webpack-internal:///(rsc)/./src/app/layout.tsx\\",96,96,64,1,false]]\\n19:[[\\"RootLayout\\",\\"webpack-internal:///(rsc)/./src/app/layout.tsx\\",104,96,64,1,false]]\\n1a:[[\\"RootLayout\\",\\"webpack-internal:///(rsc)/./src/app/layout.tsx\\",112"])'[39m,
    className: [32m''[39m,
    id: [32m''[39m
  },
  {
    tagName: [32m'SCRIPT'[39m,
    textContent: [32m'self.__next_f.push([1,",96,64,1,false]]\\n1b:[[\\"RootLayout\\",\\"webpack-internal:///(rsc)/./src/app/layout.tsx\\",126,88,64,1,false]]\\n1c:[[\\"RootLayout\\",\\"webpack-internal:///(rsc)/./src/app/layout.tsx\\",128,102,64,1,false]]\\n1e:[[\\"RootLayout\\",\\"webpack-internal:///(rsc)/./src/app/layout.tsx\\",133,106,64,1,false]]\\n20:[[\\"RootLayout\\",\\"webpack-internal:///(rsc)/./src/app/layout.tsx\\",134,110,64,1,false]]\\n22:[]\\n24:[]\\n27:{\\"name\\":\\"NotFound\\",\\"key\\":null,\\"env\\":\\"Server\\",\\"stack\\":[],\\"props\\":{}}\\n28:{\\"name\\":\\"HTTPAccessErrorFallback\\",\\"key\\":null,\\"env\\":\\"Server\\",\\"owner\\":\\"$27\\",\\"stack\\":[],\\"props\\":{\\"status\\":404,\\"message\\":\\"This page could not be found.\\"}}\\n29:[]\\n2a:[]\\n2b:[]\\n2c:[]\\n2d:[]\\n2e:[]\\n2f:[]\\n30:[]\\n31:[]\\n32:[]\\n33:[]\\n34:[]\\n37:[]\\n3b:\\"$E(async function getViewportReady() {\\\\n        await viewport();\\\\n        return undefined;\\\\n    })\\"\\n3a:{\\"name\\":\\"__next_outlet_boundary__\\",\\"key\\":null,\\"env\\":\\"Server\\",\\"stack\\":[],\\"props\\":{\\"ready\\":\\"$3b\\"}}\\n3d:{\\"name\\":\\"StreamingMetadataOutletImpl\\",\\"key\\":null,\\"env\\":\\"Server\\",\\"stack\\":[],\\"props\\":{}}\\n3e:[]\\n41:[]\\n43:{\\"name\\":\\"NonIndex\\",\\"key\\":null,\\"env\\":\\"Server\\",\\"stack\\":[],\\"props\\":{\\"pagePath\\":\\"/auth\\",\\"statusCode\\":200,\\"isPossibleServerAction\\":false}}\\n45:{\\"name\\":\\"ViewportTree\\",\\"key\\":null,\\"env\\":\\"Server\\",\\"stack\\":[],\\"props\\":{}}\\n46:[]\\n49:{\\"name\\":\\"__next_viewport_boundary__\\",\\"key\\":null,\\"env\\":\\"Server\\",\\"owner\\":\\"$45\\",\\"stack\\":[],\\"props\\":{}}\\n4a:[]\\n4c:{\\"name\\":\\"MetadataTree\\",\\"key\\":null,\\"env\\":\\"Server\\",\\"stack\\":[],\\"props\\":{}}\\n4d:[]\\n50:{\\"name\\":\\"__next_metadata_boundary__\\",\\"key\\":null,\\"env\\":\\"Server\\",\\"owner\\":\\"$4c\\",\\"stack\\":[],\\"props\\":{}}\\n51:[]\\n52:[]\\n55:{\\"name\\":\\"MetadataResolver\\",\\"key\\":null,\\"env\\":\\"Server\\",\\"owner\\":\\"$50\\",\\"stack\\":[],\\"props\\":{}}\\n58:[]\\n59:[]\\n5a:[[\\"Array.map\\",\\"\\",0,0,0,0,false]]\\n5b:[[\\"Array.map\\",\\"\\",0,0,0,0,false]]\\n1:D\\"$2\\"\\n1:null\\n9:D\\"$a\\"\\n26:D\\"$27\\"\\n26:D\\"$28\\"\\n"])'[39m,
    className: [32m''[39m,
    id: [32m''[39m
  },
  {
    tagName: [32m'SCRIPT'[39m,
    textContent: [32m'self.__next_f.push([1,"9:[\\"$\\",\\"html\\",null,{\\"lang\\":\\"en\\",\\"suppressHydrationWarning\\":true,\\"data-scroll-behavior\\":\\"smooth\\",\\"children\\":[[\\"$\\",\\"head\\",null,{\\"children\\":[[\\"$\\",\\"link\\",null,{\\"rel\\":\\"manifest\\",\\"href\\":\\"/manifest.json\\"},\\"$a\\",\\"$15\\",1],[\\"$\\",\\"meta\\",null,{\\"name\\":\\"mobile-web-app-capable\\",\\"content\\":\\"yes\\"},\\"$a\\",\\"$16\\",1],[\\"$\\",\\"meta\\",null,{\\"name\\":\\"apple-mobile-web-app-capable\\",\\"content\\":\\"yes\\"},\\"$a\\",\\"$17\\",1],[\\"$\\",\\"meta\\",null,{\\"name\\":\\"apple-mobile-web-app-status-bar-style\\",\\"content\\":\\"default\\"},\\"$a\\",\\"$18\\",1],[\\"$\\",\\"meta\\",null,{\\"name\\":\\"apple-mobile-web-app-title\\",\\"content\\":\\"NextTaskPro\\"},\\"$a\\",\\"$19\\",1],[\\"$\\",\\"link\\",null,{\\"rel\\":\\"apple-touch-icon\\",\\"href\\":\\"/icon.svg\\"},\\"$a\\",\\"$1a\\",1]]},\\"$a\\",\\"$14\\",1],[\\"$\\",\\"body\\",null,{\\"className\\":\\"__variable_5cfdac __variable_9a8899 antialiased\\",\\"children\\":[\\"$\\",\\"$L1d\\",null,{\\"attribute\\":\\"class\\",\\"defaultTheme\\":\\"light\\",\\"enableSystem\\":true,\\"disableTransitionOnChange\\":true,\\"children\\":[\\"$\\",\\"$L1f\\",null,{\\"children\\":[\\"$\\",\\"$L21\\",null,{\\"children\\":[\\"$\\",\\"$L23\\",null,{\\"parallelRouterKey\\":\\"children\\",\\"error\\":\\"$undefined\\",\\"errorStyles\\":\\"$undefined\\",\\"errorScripts\\":\\"$undefined\\",\\"template\\":[\\"$\\",\\"$L25\\",null,{},null,\\"$24\\",1],\\"templateStyles\\":\\"$undefined\\",\\"templateScripts\\":\\"$undefined\\",\\"notFound\\":[\\"$26\\",[]],\\"forbidden\\":\\"$undefined\\",\\"unauthorized\\":\\"$undefined\\"},null,\\"$22\\",1]},\\"$a\\",\\"$20\\",1]},\\"$a\\",\\"$1e\\",1]},\\"$a\\",\\"$1c\\",1]},\\"$a\\",\\"$1b\\",1]]},\\"$a\\",\\"$13\\",1]\\n"])'[39m,
    className: [32m''[39m,
    id: [32m''[39m
  },
  {
    tagName: [32m'SCRIPT'[39m,
    textContent: [32m'self.__next_f.push([1,"0:{\\"P\\":\\"$1\\",\\"b\\":\\"development\\",\\"p\\":\\"\\",\\"c\\":[\\"\\",\\"auth\\",\\"\\"],\\"i\\":false,\\"f\\":[[[\\"\\",{\\"children\\":[\\"auth\\",{\\"children\\":[\\"__PAGE__\\",{}]}]},\\"$undefined\\",\\"$undefined\\",true],[\\"\\",[\\"$\\",\\"$7\\",\\"c\\",{\\"children\\":[[[\\"$\\",\\"link\\",\\"0\\",{\\"rel\\":\\"stylesheet\\",\\"href\\":\\"/_next/static/css/app/layout.css?v=1755644146541\\",\\"precedence\\":\\"next_static/css/app/layout.css\\",\\"crossOrigin\\":\\"$undefined\\",\\"nonce\\":\\"$undefined\\"},null,\\"$8\\",0]],\\"$9\\"]},null,\\"$6\\",0],{\\"children\\":[\\"auth\\",[\\"$\\",\\"$7\\",\\"c\\",{\\"children\\":[null,[\\"$\\",\\"$L23\\",null,{\\"parallelRouterKey\\":\\"children\\",\\"error\\":\\"$undefined\\",\\"errorStyles\\":\\"$undefined\\",\\"errorScripts\\":\\"$undefined\\",\\"template\\":[\\"$\\",\\"$L25\\",null,{},null,\\"$32\\",1],\\"templateStyles\\":\\"$undefined\\",\\"templateScripts\\":\\"$undefined\\",\\"notFound\\":\\"$undefined\\",\\"forbidden\\":\\"$undefined\\",\\"unauthorized\\":\\"$undefined\\"},null,\\"$31\\",1]]},null,\\"$30\\",0],{\\"children\\":[\\"__PAGE__\\",[\\"$\\",\\"$7\\",\\"c\\",{\\"children\\":[[\\"$\\",\\"$L35\\",null,{\\"Component\\":\\"$36\\",\\"searchParams\\":{},\\"params\\":{}},null,\\"$34\\",1],null,[\\"$\\",\\"$L38\\",null,{\\"children\\":[\\"$L39\\",\\"$3c\\"]},null,\\"$37\\",1]]},null,\\"$33\\",0],{},null,false]},null,false]},null,false],[\\"$\\",\\"$7\\",\\"h\\",{\\"children\\":[\\"$42\\",\\"$44\\",\\"$4b\\"]},null,\\"$41\\",0],false]],\\"m\\":\\"$W56\\",\\"G\\":[\\"$57\\",[]],\\"s\\":false,\\"S\\":false}\\n"])'[39m,
    className: [32m''[39m,
    id: [32m''[39m
  },
  {
    tagName: [32m'SCRIPT'[39m,
    textContent: [32m`self.__next_f.push([1,"40:{\\"metadata\\":[[\\"$\\",\\"title\\",\\"0\\",{\\"children\\":\\"NextTaskPro - Your Adaptive Home Management Hub\\"},\\"$3d\\",\\"$5c\\",0],[\\"$\\",\\"meta\\",\\"1\\",{\\"name\\":\\"description\\",\\"content\\":\\"An intelligent home management platform that adapts to your family's needs. Track tasks, bills, recipes, shopping lists and more.\\"},\\"$3d\\",\\"$5d\\",0],[\\"$\\",\\"meta\\",\\"2\\",{\\"name\\":\\"author\\",\\"content\\":\\"NextTaskPro Team\\"},\\"$3d\\",\\"$5e\\",0],[\\"$\\",\\"meta\\",\\"3\\",{\\"name\\":\\"keywords\\",\\"content\\":\\"home management,family organizer,task management,bill tracking,recipe manager\\"},\\"$3d\\",\\"$5f\\",0],[\\"$\\",\\"meta\\",\\"4\\",{\\"name\\":\\"creator\\",\\"content\\":\\"NextTaskPro\\"},\\"$3d\\",\\"$60\\",0],[\\"$\\",\\"meta\\",\\"5\\",{\\"name\\":\\"publisher\\",\\"content\\":\\"NextTaskPro\\"},\\"$3d\\",\\"$61\\",0],[\\"$\\",\\"meta\\",\\"6\\",{\\"name\\":\\"format-detection\\",\\"content\\":\\"telephone=no, address=no, email=no\\"},\\"$3d\\",\\"$62\\",0],[\\"$\\",\\"link\\",\\"7\\",{\\"rel\\":\\"icon\\",\\"href\\":\\"/favicon.ico\\",\\"type\\":\\"image/x-icon\\",\\"sizes\\":\\"16x16\\"},\\"$3d\\",\\"$63\\",0],[\\"$\\",\\"$L65\\",\\"8\\",{},\\"$3d\\",\\"$64\\",0]],\\"error\\":null,\\"digest\\":\\"$undefined\\"}\\n"])`[39m,
    className: [32m''[39m,
    id: [32m''[39m
  },
  {
    tagName: [32m'STYLE'[39m,
    textContent: [32m`.nextjs-data-copy-button{color:inherit;svg{width:var(--size-16);height:var(--size-16)}}.nextjs-data-copy-button:disabled{background-color:var(--color-gray-100);cursor:not-allowed}.nextjs-data-copy-button--initial:hover:not(:disabled){cursor:pointer}.nextjs-data-copy-button--error:not(:disabled),.nextjs-data-copy-button--error:hover:not(:disabled){color:var(--color-ansi-red)}.nextjs-data-copy-button--success:not(:disabled){color:var(--color-ansi-green)}[data-nextjs-call-stack-frame-no-source]{padding:6px 8px;margin-bottom:4px;border-radius:var(--rounded-lg)}[data-nextjs-call-stack-frame-no-source]:last-child{margin-bottom:0}[data-nextjs-call-stack-frame-ignored="true"]{opacity:0.6}[data-nextjs-call-stack-frame]{user-select:text;display:block;box-sizing:border-box;user-select:text;-webkit-user-select:text;-moz-user-select:text;-ms-user-select:text;padding:6px 8px;border-radius:var(--rounded-lg)}.call-stack-frame-method-name{display:flex;align-items:center;gap:4px;margin-bottom:4px;font-family:var(--font-stack-monospace);color:var(--color-gray-1000);font-size:var(--size-14);font-weight:500;line-height:var(--size-20);svg{width:var(--size-16px);height:var(--size-16px)}}.open-in-editor-button,.source-mapping-error-button{display:flex;align-items:center;justify-content:center;border-radius:var(--rounded-full);padding:4px;color:var(--color-font);svg{width:var(--size-16);height:var(--size-16)}&:focus-visible{outline:var(--focus-ring);outline-offset:-2px}&:hover{background:var(--color-gray-100)}}.call-stack-frame-file-source{color:var(--color-gray-900);font-size:var(--size-14);line-height:var(--size-20)}[data-nextjs-call-stack-container]{position:relative;margin-top:8px}[data-nextjs-call-stack-header]{display:flex;justify-content:space-between;align-items:center;min-height:var(--size-28);padding:8px 8px 12px 4px;width:100%}[data-nextjs-call-stack-title]{display:flex;justify-content:space-between;align-items:center;gap:8px;margin:0;color:var(--color-gray-1000);font-size:var(--size-16);font-weight:500}[data-nextjs-call-stack-count]{display:flex;justify-content:center;align-items:center;width:var(--size-20);height:var(--size-20);gap:4px;color:var(--color-gray-1000);text-align:center;font-size:var(--size-11);font-weight:500;line-height:var(--size-16);border-radius:var(--rounded-full);background:var(--color-gray-300)}[data-nextjs-call-stack-ignored-list-toggle-button]{all:unset;display:flex;align-items:center;gap:6px;color:var(--color-gray-900);font-size:var(--size-14);line-height:var(--size-20);border-radius:6px;padding:4px 6px;margin-right:-6px;transition:background 150ms ease;&:hover{background:var(--color-gray-100)}&:focus{outline:var(--focus-ring)}svg{width:var(--size-16);height:var(--size-16)}}[data-nextjs-environment-name-label]{padding:2px 6px;margin:0;border-radius:var(--rounded-md-2);background:var(--color-gray-100);font-weight:600;font-size:var(--size-12);color:var(--color-gray-900);font-family:var(--font-stack-monospace);line-height:var(--size-20)}[data-nextjs-dialog-overlay]{position:fixed;top:0;right:0;bottom:0;left:0;z-index:2147483646;display:flex;align-content:center;align-items:center;flex-direction:column;padding:10vh 15px 0}@media (max-height:812px){[data-nextjs-dialog-overlay]{padding:15px 15px 0}}[data-nextjs-dialog-backdrop]{position:fixed;top:0;right:0;bottom:0;left:0;background-color:var(--color-backdrop);backdrop-filter:blur(10px);pointer-events:all;z-index:-1}[data-nextjs-dialog-backdrop-fixed]{cursor:not-allowed;-webkit-backdrop-filter:blur(8px);backdrop-filter:blur(8px)}[data-nextjs-dialog-root]{--next-dialog-radius:var(--rounded-xl);--next-dialog-max-width:960px;--next-dialog-row-padding:16px;--next-dialog-padding:12px;--next-dialog-notch-height:42px;--next-dialog-border-width:1px;display:flex;flex-direction:column;width:100%;max-height:calc(100% - 56px);max-width:var(--next-dialog-max-width);margin-right:auto;margin-left:auto;scale:0.97;opacity:0;transition-property:scale,opacity;transition-duration:var(--transition-duration);transition-timing-function:var(--timing-overlay);&[data-rendered='true']{opacity:1;scale:1}[data-nextjs-scroll-fader][data-side='top']{left:1px;top:calc( var(--next-dialog-notch-height) + var(--next-dialog-border-width) );width:calc(100% - var(--next-dialog-padding));opacity:0}}[data-nextjs-dialog]{outline:0}[data-nextjs-dialog],[data-nextjs-dialog] *{&::-webkit-scrollbar{width:6px;height:6px;border-radius:0 0 1rem 1rem;margin-bottom:1rem}&::-webkit-scrollbar-button{display:none}&::-webkit-scrollbar-track{border-radius:0 0 1rem 1rem;background-color:var(--color-background-100)}&::-webkit-scrollbar-thumb{border-radius:1rem;background-color:var(--color-gray-500)}}[data-nextjs-dialog-sizer]{overflow:hidden;border-radius:inherit}[data-nextjs-dialog-backdrop]{opacity:0;transition:opacity var(--transition-duration) var(--timing-overlay)}[data-nextjs-dialog-overlay]{margin:8px}[data-nextjs-dialog-overlay][data-rendered='true'] [data-nextjs-dialog-backdrop]{opacity:1}[data-nextjs-dialog-content]{border:none;margin:0;display:flex;flex-direction:column;position:relative;padding:var(--next-dialog-padding)}[data-nextjs-dialog-content] > [data-nextjs-dialog-header]{flex-shrink:0;margin-bottom:8px}[data-nextjs-dialog-content] > [data-nextjs-dialog-body]{position:relative;flex:1 1 auto}@media (max-height:812px){[data-nextjs-dialog-overlay]{max-height:calc(100% - 15px)}}@media (min-width:576px){[data-nextjs-dialog-root]{--next-dialog-max-width:540px}}@media (min-width:768px){[data-nextjs-dialog-root]{--next-dialog-max-width:720px}}@media (min-width:992px){[data-nextjs-dialog-root]{--next-dialog-max-width:960px}}[data-nextjs-dialog-overlay]{padding:initial;top:10vh}.error-overlay-dialog-container{-webkit-font-smoothing:antialiased;display:flex;flex-direction:column;background:var(--color-background-100);background-clip:padding-box;border:var(--next-dialog-border-width) solid var(--color-gray-400);border-radius:0 0 var(--next-dialog-radius) var(--next-dialog-radius);box-shadow:var(--shadow-menu);position:relative;overflow:hidden}.error-overlay-dialog-scroll{overflow-y:auto;height:100%}.nextjs-container-errors-header{position:relative}.nextjs-container-errors-header > h1{font-size:var(--size-20);line-height:var(--size-24);font-weight:bold;margin:calc(16px * 1.5) 0;color:var(--color-title-h1)}.nextjs-container-errors-header small{font-size:var(--size-14);color:var(--color-accents-1);margin-left:16px}.nextjs-container-errors-header small > span{font-family:var(--font-stack-monospace)}.nextjs-container-errors-header > div > small{margin:0;margin-top:4px}.nextjs-container-errors-header > p > a{color:inherit;font-weight:bold}.nextjs-container-errors-header > .nextjs-container-build-error-version-status{position:absolute;top:16px;right:16px}[data-nextjs-error-overlay-nav]{--stroke-color:var(--color-gray-400);--background-color:var(--color-background-100);display:flex;justify-content:space-between;align-items:center;width:100%;position:relative;z-index:2;outline:none;translate:var(--next-dialog-border-width) var(--next-dialog-border-width);max-width:var(--next-dialog-max-width);.error-overlay-notch{translate:calc(var(--next-dialog-border-width) * -1);width:auto;height:var(--next-dialog-notch-height);padding:12px;background:var(--background-color);border:var(--next-dialog-border-width) solid var(--stroke-color);border-bottom:none;position:relative;&[data-side='left']{padding-right:0;border-radius:var(--next-dialog-radius) 0 0 0;.error-overlay-notch-tail{right:-54px}> *:not(.error-overlay-notch-tail){margin-right:-10px}}&[data-side='right']{padding-left:0;border-radius:0 var(--next-dialog-radius) 0 0;.error-overlay-notch-tail{left:-54px;transform:rotateY(180deg)}> *:not(.error-overlay-notch-tail){margin-left:-12px}}.error-overlay-notch-tail{position:absolute;top:calc(var(--next-dialog-border-width) * -1);pointer-events:none;z-index:-1;height:calc(100% + var(--next-dialog-border-width))}}}@media (max-width:600px){[data-nextjs-error-overlay-nav]{background:var(--background-color);border-radius:var(--next-dialog-radius) var(--next-dialog-radius) 0 0;border:var(--next-dialog-border-width) solid var(--stroke-color);border-bottom:none;overflow:hidden;translate:0 var(--next-dialog-border-width);.error-overlay-notch{border-radius:0;border:0;&[data-side="left"],&[data-side="right"]{border-radius:0}.error-overlay-notch-tail{display:none}}}}.nextjs__container_errors_label{padding:2px 6px;margin:0;border-radius:var(--rounded-md-2);background:var(--color-red-100);font-weight:600;font-size:var(--size-12);color:var(--color-red-900);font-family:var(--font-stack-monospace);line-height:var(--size-20)}.nextjs__container_errors_wrapper{position:relative}.nextjs__container_errors_desc{margin:0;margin-left:4px;color:var(--color-red-900);font-weight:500;font-size:var(--size-16);letter-spacing:-0.32px;line-height:var(--size-24);overflow-wrap:break-word;white-space:pre-wrap}.nextjs__container_errors_desc.truncated{max-height:200px;overflow:hidden}.nextjs__container_errors_gradient_overlay{position:absolute;bottom:0;left:0;right:0;height:85px;background:linear-gradient( 180deg,rgba(250,250,250,0) 0%,var(--color-background-100) 100% )}.nextjs__container_errors_expand_button{position:absolute;bottom:10px;left:50%;transform:translateX(-50%);display:flex;align-items:center;padding:6px 8px;background:var(--color-background-100);border:1px solid var(--color-gray-alpha-400);border-radius:999px;box-shadow:0px 2px 2px var(--color-gray-alpha-100),0px 8px 8px -8px var(--color-gray-alpha-100);font-size:var(--size-13);cursor:pointer;color:var(--color-gray-900);font-weight:500;transition:background-color 0.2s ease}.nextjs__container_errors_expand_button:hover{background:var(--color-gray-100)}.error-overlay-toolbar{display:flex;gap:6px}.nodejs-inspector-button,.copy-stack-trace-button,.docs-link-button{display:flex;justify-content:center;align-items:center;width:var(--size-28);height:var(--size-28);background:var(--color-background-100);ba`[39m... 33072 more characters,
    className: [32m''[39m,
    id: [32m''[39m
  },
  {
    tagName: [32m'DIV'[39m,
    textContent: [32m'1/3Next.js 15.4.6 (stale)WebpackRuntime ErrorMissing required Firebase environment variable: NEXT_PUBLIC_FIREBASE_API_KEYsrc/lib/firebase.ts (27:11) @ eval  25 | for (const envVar of requiredEnvVars) {  26 |   if (!process.env[envVar]) {> 27 |     throw new Error(`Missing required Firebase environment variable: ${envVar}`)     |           ^  28 |   }  29 | }  30 |Call Stack 23Show 18 ignore-listed frame(s)evalsrc/lib/firebase.ts (27:11)(app-pages-browser)/./src/lib/firebase.ts.next/static/chunks/app/layout.js (761:1)eval./src/components/providers/auth-provider.tsx(app-pages-browser)/./src/components/providers/auth-provider.tsx.next/static/chunks/app/layout.js (717:1)RootLayoutsrc/app/layout.tsx (68:11)12'[39m,
    className: [32m''[39m,
    id: [32m''[39m
  },
  {
    tagName: [32m'DIV'[39m,
    textContent: [32m'1/3Next.js 15.4.6 (stale)WebpackRuntime ErrorMissing required Firebase environment variable: NEXT_PUBLIC_FIREBASE_API_KEYsrc/lib/firebase.ts (27:11) @ eval  25 | for (const envVar of requiredEnvVars) {  26 |   if (!process.env[envVar]) {> 27 |     throw new Error(`Missing required Firebase environment variable: ${envVar}`)     |           ^  28 |   }  29 | }  30 |Call Stack 23Show 18 ignore-listed frame(s)evalsrc/lib/firebase.ts (27:11)(app-pages-browser)/./src/lib/firebase.ts.next/static/chunks/app/layout.js (761:1)eval./src/components/providers/auth-provider.tsx(app-pages-browser)/./src/components/providers/auth-provider.tsx.next/static/chunks/app/layout.js (717:1)RootLayoutsrc/app/layout.tsx (68:11)12'[39m,
    className: [32m''[39m,
    id: [32m''[39m
  },
  {
    tagName: [32m'DIV'[39m,
    textContent: [32m'Runtime ErrorMissing required Firebase environment variable: NEXT_PUBLIC_FIREBASE_API_KEYsrc/lib/firebase.ts (27:11) @ eval  25 | for (const envVar of requiredEnvVars) {  26 |   if (!process.env[envVar]) {> 27 |     throw new Error(`Missing required Firebase environment variable: ${envVar}`)     |           ^  28 |   }  29 | }  30 |Call Stack 23Show 18 ignore-listed frame(s)evalsrc/lib/firebase.ts (27:11)(app-pages-browser)/./src/lib/firebase.ts.next/static/chunks/app/layout.js (761:1)eval./src/components/providers/auth-provider.tsx(app-pages-browser)/./src/components/providers/auth-provider.tsx.next/static/chunks/app/layout.js (717:1)RootLayoutsrc/app/layout.tsx (68:11)12'[39m,
    className: [32m'error-overlay-dialog-container'[39m,
    id: [32m''[39m
  },
  {
    tagName: [32m'DIV'[39m,
    textContent: [32m'Runtime ErrorMissing required Firebase environment variable: NEXT_PUBLIC_FIREBASE_API_KEYsrc/lib/firebase.ts (27:11) @ eval  25 | for (const envVar of requiredEnvVars) {  26 |   if (!process.env[envVar]) {> 27 |     throw new Error(`Missing required Firebase environment variable: ${envVar}`)     |           ^  28 |   }  29 | }  30 |Call Stack 23Show 18 ignore-listed frame(s)evalsrc/lib/firebase.ts (27:11)(app-pages-browser)/./src/lib/firebase.ts.next/static/chunks/app/layout.js (761:1)eval./src/components/providers/auth-provider.tsx(app-pages-browser)/./src/components/providers/auth-provider.tsx.next/static/chunks/app/layout.js (717:1)RootLayoutsrc/app/layout.tsx (68:11)12'[39m,
    className: [32m'error-overlay-dialog-scroll'[39m,
    id: [32m''[39m
  },
  {
    tagName: [32m'DIV'[39m,
    textContent: [32m'Runtime ErrorMissing required Firebase environment variable: NEXT_PUBLIC_FIREBASE_API_KEYsrc/lib/firebase.ts (27:11) @ eval  25 | for (const envVar of requiredEnvVars) {  26 |   if (!process.env[envVar]) {> 27 |     throw new Error(`Missing required Firebase environment variable: ${envVar}`)     |           ^  28 |   }  29 | }  30 |Call Stack 23Show 18 ignore-listed frame(s)evalsrc/lib/firebase.ts (27:11)(app-pages-browser)/./src/lib/firebase.ts.next/static/chunks/app/layout.js (761:1)eval./src/components/providers/auth-provider.tsx(app-pages-browser)/./src/components/providers/auth-provider.tsx.next/static/chunks/app/layout.js (717:1)RootLayoutsrc/app/layout.tsx (68:11)'[39m,
    className: [32m''[39m,
    id: [32m''[39m
  },
  {
    tagName: [32m'DIV'[39m,
    textContent: [32m'Runtime ErrorMissing required Firebase environment variable: NEXT_PUBLIC_FIREBASE_API_KEYsrc/lib/firebase.ts (27:11) @ eval  25 | for (const envVar of requiredEnvVars) {  26 |   if (!process.env[envVar]) {> 27 |     throw new Error(`Missing required Firebase environment variable: ${envVar}`)     |           ^  28 |   }  29 | }  30 |Call Stack 23Show 18 ignore-listed frame(s)evalsrc/lib/firebase.ts (27:11)(app-pages-browser)/./src/lib/firebase.ts.next/static/chunks/app/layout.js (761:1)eval./src/components/providers/auth-provider.tsx(app-pages-browser)/./src/components/providers/auth-provider.tsx.next/static/chunks/app/layout.js (717:1)RootLayoutsrc/app/layout.tsx (68:11)'[39m,
    className: [32m''[39m,
    id: [32m''[39m
  },
  {
    tagName: [32m'DIV'[39m,
    textContent: [32m'Runtime ErrorMissing required Firebase environment variable: NEXT_PUBLIC_FIREBASE_API_KEYsrc/lib/firebase.ts (27:11) @ eval  25 | for (const envVar of requiredEnvVars) {  26 |   if (!process.env[envVar]) {> 27 |     throw new Error(`Missing required Firebase environment variable: ${envVar}`)     |           ^  28 |   }  29 | }  30 |Call Stack 23Show 18 ignore-listed frame(s)evalsrc/lib/firebase.ts (27:11)(app-pages-browser)/./src/lib/firebase.ts.next/static/chunks/app/layout.js (761:1)eval./src/components/providers/auth-provider.tsx(app-pages-browser)/./src/components/providers/auth-provider.tsx.next/static/chunks/app/layout.js (717:1)RootLayoutsrc/app/layout.tsx (68:11)'[39m,
    className: [32m''[39m,
    id: [32m''[39m
  },
  {
    tagName: [32m'DIV'[39m,
    textContent: [32m'src/lib/firebase.ts (27:11) @ eval  25 | for (const envVar of requiredEnvVars) {  26 |   if (!process.env[envVar]) {> 27 |     throw new Error(`Missing required Firebase environment variable: ${envVar}`)     |           ^  28 |   }  29 | }  30 |Call Stack 23Show 18 ignore-listed frame(s)evalsrc/lib/firebase.ts (27:11)(app-pages-browser)/./src/lib/firebase.ts.next/static/chunks/app/layout.js (761:1)eval./src/components/providers/auth-provider.tsx(app-pages-browser)/./src/components/providers/auth-provider.tsx.next/static/chunks/app/layout.js (717:1)RootLayoutsrc/app/layout.tsx (68:11)'[39m,
    className: [32m'nextjs-container-errors-body'[39m,
    id: [32m''[39m
  },
  {
    tagName: [32m'DIV'[39m,
    textContent: [32m'Call Stack 23Show 18 ignore-listed frame(s)evalsrc/lib/firebase.ts (27:11)(app-pages-browser)/./src/lib/firebase.ts.next/static/chunks/app/layout.js (761:1)eval./src/components/providers/auth-provider.tsx(app-pages-browser)/./src/components/providers/auth-provider.tsx.next/static/chunks/app/layout.js (717:1)RootLayoutsrc/app/layout.tsx (68:11)'[39m,
    className: [32m''[39m,
    id: [32m''[39m
  },
  {
    tagName: [32m'DIV'[39m,
    textContent: [32m'eval./src/components/providers/auth-provider.tsx'[39m,
    className: [32m''[39m,
    id: [32m''[39m
  },
  {
    tagName: [32m'SPAN'[39m,
    textContent: [32m'./src/components/providers/auth-provider.tsx'[39m,
    className: [32m'call-stack-frame-file-source'[39m,
    id: [32m''[39m
  },
  {
    tagName: [32m'DIV'[39m,
    textContent: [32m'(app-pages-browser)/./src/components/providers/auth-provider.tsx.next/static/chunks/app/layout.js (717:1)'[39m,
    className: [32m''[39m,
    id: [32m''[39m
  },
  {
    tagName: [32m'DIV'[39m,
    textContent: [32m'(app-pages-browser)/./src/components/providers/auth-provider.tsx'[39m,
    className: [32m'call-stack-frame-method-name'[39m,
    id: [32m''[39m
  }
]
Found error elements: [
  {
    tagName: [32m'HTML'[39m,
    textContent: [32m"@font-face{font-family:'__nextjs-Geist';font-style:normal;font-weight:400 600;font-display:swap;src:url(/__nextjs_font/geist-latin-ext.woff2) format('woff2');unicode-range:U+0100-02BA,U+02BD-02C5,U+02C7-02CC,U+02CE-02D7,U+02DD-02FF,U+0304,U+0308,U+0329,U+1D00-1DBF,U+1E00-1E9F,U+1EF2-1EFF,U+2020,U+20A0-20AB,U+20AD-20C0,U+2113,U+2C60-2C7F,U+A720-A7FF}@font-face{font-family:'__nextjs-Geist Mono';font-style:normal;font-weight:400 600;font-display:swap;src:url(/__nextjs_font/geist-mono-latin-ext.woff2) format('woff2');unicode-range:U+0100-02BA,U+02BD-02C5,U+02C7-02CC,U+02CE-02D7,U+02DD-02FF,U+0304,U+0308,U+0329,U+1D00-1DBF,U+1E00-1E9F,U+1EF2-1EFF,U+2020,U+20A0-20AB,U+20AD-20C0,U+2113,U+2C60-2C7F,U+A720-A7FF}@font-face{font-family:'__nextjs-Geist';font-style:normal;font-weight:400 600;font-display:swap;src:url(/__nextjs_font/geist-latin.woff2) format('woff2');unicode-range:U+0000-00FF,U+0131,U+0152-0153,U+02BB-02BC,U+02C6,U+02DA,U+02DC,U+0304,U+0308,U+0329,U+2000-206F,U+20AC,U+2122,U+2191,U+2193,U+2212,U+2215,U+FEFF,U+FFFD}@font-face{font-family:'__nextjs-Geist Mono';font-style:normal;font-weight:400 600;font-display:swap;src:url(/__nextjs_font/geist-mono-latin.woff2) format('woff2');unicode-range:U+0000-00FF,U+0131,U+0152-0153,U+02BB-02BC,U+02C6,U+02DA,U+02DC,U+0304,U+0308,U+0329,U+2000-206F,U+20AC,U+2122,U+2191,U+2193,U+2212,U+2215,U+FEFF,U+FFFD}((e, i, s, u, m, a, l, h)=>{\n"[39m +
      [32m'    let d = document.documentElement, w = [\n'[39m +
      [32m'        "light",\n'[39m +
      [32m'        "dark"\n'[39m +
      [32m'    ];\n'[39m +
      [32m'    function p(n) {\n'[39m +
      [32m'        (Array.isArray(e) ? e : [\n'[39m +
      [32m'            e\n'[39m +
      [32m'        ]).forEach((y)=>{\n'[39m +
      [32m'            let k = y === "class", S = k && a ? m.map((f)=>a[f] || f) : m;\n'[39m +
      [32m'            k ? (d.classList.remove(...S), d.classList.add(a && a[n] ? a[n] : n)) : d.setAttribute(y, n);\n'[39m +
      [32m'        }), R(n);\n'[39m +
      [32m'    }\n'[39m +
      [32m'    function R(n) {\n'[39m +
      [32m'        h && w.includes(n) && (d.style.colorScheme = n);\n'[39m +
      [32m'    }\n'[39m +
      [32m'    function c() {\n'[39m +
      [32m'        return window.matchMedia("(prefers-color-scheme: dark)").matches ? "dark" : "light";\n'[39m +
      [32m'    }\n'[39m +
      [32m'    if (u) p(u);\n'[39m +
      [32m'    else try {\n'[39m +
      [32m'        let n = localStorage.getItem(i) || s, y = l && n === "system" ? c() : n;\n'[39m +
      [32m'        p(y);\n'[39m +
      [32m'    } catch (n) {}\n'[39m +
      [32m'})("class","theme","light",null,["light","dark"],null,true,true)requestAnimationFrame(function(){$RT=performance.now()});(self.__next_f=self.__next_f||[]).push([0])self.__next_f.push([1,"7:\\"$Sreact.fragment\\"\\n1d:I[\\"(app-pages-browser)/./src/components/providers/theme-provider.tsx\\",[\\"app/layout\\",\\"static/chunks/app/layout.js\\"],\\"ThemeProvider\\"]\\n1f:I[\\"(app-pages-browser)/./src/components/providers/auth-provider.tsx\\",[\\"app/layout\\",\\"static/chunks/app/layout.js\\"],\\"AuthProvider\\"]\\n21:I[\\"(app-pages-browser)/./src/components/layout/main-layout.tsx\\",[\\"app/layout\\",\\"static/chunks/app/layout.js\\"],\\"MainLayout\\"]\\n23:I[\\"(app-pages-browser)/./node_modules/next/dist/client/components/layout-router.js\\",[\\"app-pages-internals\\",\\"static/chunks/app-pages-internals.js\\"],\\"\\"]\\n25:I[\\"(app-pages-browser)/./node_modules/next/dist/client/components/render-from-template-context.js\\",[\\"app-pages-internals\\",\\"static/chunks/app-pages-internals.js\\"],\\"\\"]\\n35:I[\\"(app-pages-browser)/./node_modules/next/dist/client/components/client-page.js\\",[\\"app-pages-internals\\",\\"static/chunks/app-pages-internals.js\\"],\\"ClientPageRoot\\"]\\n36:I[\\"(app-pages-browser)/./src/app/auth/page.tsx\\",[\\"app/auth/page\\",\\"static/chunks/app/auth/page.js\\"],\\"default\\"]\\n38:I[\\"(app-pages-browser)/./node_modules/next/dist/client/components/metadata/metadata-boundary.js\\",[\\"app-pages-internals\\",\\"static/chunks/app-pages-internals.js\\"],\\"OutletBoundary\\"]\\n3f:I[\\"(app-pages-browser)/./node_modules/next/dist/client/components/metadata/async-metadata.js\\",[\\"app-pages-internals\\",\\"static/chunks/app-pages-internals.js\\"],\\"AsyncMetadataOutlet\\"]\\n47:I[\\"(app-pages-browser)/./node_modules/next/dist/client/components/metadata/metadata-boundary.js\\",[\\"app-pages-internals\\",\\"static/chunks/app-pages-internals.js\\"],\\"ViewportBoundary\\"]\\n4e:I[\\"(app-pages-browser)/./node_modules/next/dist/client/components/metadata/metadata-boundary.js\\",[\\"app-pages-internals\\",\\"static/chunks/app-pages-internals.js\\"],\\"MetadataBoundary\\"]\\n53:\\"$Sreact.suspense\\"\\n57:I[\\"(app-pages-browser)/./node_modules/next/dist/client/components/builtin/global-error.js\\",[\\"app-pages-internals\\",\\"static/chunks/app-pages-internals.js\\"],\\"\\"]\\n:HL[\\"/_next/static/media/569ce4b8f30dc480-s.p.woff2\\",\\"font\\",{\\"crossOrigin\\":\\"\\",\\"type\\":\\"font/woff2\\"}]\\n:HL[\\"/_next/static"])self.__next_f.push([1,"/media/93f479601ee12b01-s.p.woff2\\",\\"font\\",{\\"crossOrigin\\":\\"\\",\\"type\\":\\"font/woff2\\"}]\\n:HL[\\"/_next/static/css/app/layout.css?v=1755644146541\\",\\"style\\"]\\n3:\\"$E(()=\\u003e{ctx.componentMod.preloadFont(href,type,ctx.renderOpts.crossOrigin,ctx.nonce)})\\"\\n4:\\"$E(()=\\u003e{ctx.componentMod.preloadFont(href,type,ctx.renderOpts.crossOrigin,ctx.nonce)})\\"\\n5:\\"$E(()=\\u003e{ctx.componentMod.preloadStyle(fullHref,ctx.renderOpts.crossOrigin,ctx.nonce)})\\"\\n2:{\\"name\\":\\"Preloads\\",\\"key\\":null,\\"env\\":\\"Server\\",\\"stack\\":[],\\"props\\":{\\"preloadCallbacks\\":[\\"$3\\",\\"$4\\",\\"$5\\"]}}\\n6:[]\\n8:[[\\"Array.map\\",\\"\\",0,0,0,0,false]]\\nb:I[\\"(app-pages-browser)/./node_modules/next/dist/client/components/layout-router.js\\",[\\"app-pages-internals\\",\\"static/chunks/app-pages-internals.js\\"],\\"\\"]\\ne:I[\\"(app-pages-browser)/./node_modules/next/dist/client/components/render-from-template-context.js\\",[\\"app-pages-internals\\",\\"static/chunks/app-pages-internals.js\\"],\\"\\"]\\nf:{}\\n10:[]\\nd:{\\"children\\":[\\"$\\",\\"$Le\\",null,\\"$f\\",null,\\"$10\\",1]}\\n11:[]\\nc:{\\"parallelRouterKey\\":\\"children\\",\\"error\\":\\"$undefined\\",\\"errorStyles\\":\\"$undefined\\",\\"errorScripts\\":\\"$undefined\\",\\"template\\":[\\"$\\",\\"$7\\",null,\\"$d\\",null,\\"$11\\",0],\\"templateStyles\\":\\"$undefined\\",\\"templateScripts\\":\\"$undefined\\",\\"notFound\\":\\"$Y\\",\\"forbidden\\":\\"$undefined\\",\\"unauthorized\\":\\"$undefined\\"}\\n12:[]\\na:{\\"name\\":\\"RootLayout\\",\\"key\\":null,\\"env\\":\\"Server\\",\\"stack\\":[],\\"props\\":{\\"children\\":[\\"$\\",\\"$Lb\\",null,\\"$c\\",null,\\"$12\\",1],\\"params\\":\\"$Y\\"}}\\n13:[[\\"RootLayout\\",\\"webpack-internal:///(rsc)/./src/app/layout.tsx\\",65,87,64,1,false]]\\n14:[[\\"RootLayout\\",\\"webpack-internal:///(rsc)/./src/app/layout.tsx\\",70,88,64,1,false]]\\n15:[[\\"RootLayout\\",\\"webpack-internal:///(rsc)/./src/app/layout.tsx\\",72,96,64,1,false]]\\n16:[[\\"RootLayout\\",\\"webpack-internal:///(rsc)/./src/app/layout.tsx\\",80,96,64,1,false]]\\n17:[[\\"RootLayout\\",\\"webpack-internal:///(rsc)/./src/app/layout.tsx\\",88,96,64,1,false]]\\n18:[[\\"RootLayout\\",\\"webpack-internal:///(rsc)/./src/app/layout.tsx\\",96,96,64,1,false]]\\n19:[[\\"RootLayout\\",\\"webpack-internal:///(rsc)/./src/app/layout.tsx\\",104,96,64,1,false]]\\n1a:[[\\"RootLayout\\",\\"webpack-internal:///(rsc)/./src/app/layout.tsx\\",112"])self.__next_f.push([1,",96,64,1,false]]\\n1b:[[\\"RootLayout\\",\\"webpack-internal:///(rsc)/./src/app/layout.tsx\\",126,88,64,1,false]]\\n1c:[[\\"RootLayout\\",\\"webpack-internal:///(rsc)/./src/app/layout.tsx\\",128,102,64,1,false]]\\n1e:[[\\"RootLayout\\",\\"webpack-internal:///(rsc)/./src/app/layout.tsx\\",133,106,64,1,false]]\\n20:[[\\"RootLayout\\",\\"webpack-internal:///(rsc)/./src/app/layout.tsx\\",134,110,64,1,false]]\\n22:[]\\n24:[]\\n27:{\\"name\\":\\"NotFound\\",\\"key\\":null,\\"env\\":\\"Server\\",\\"stack\\":[],\\"props\\":{}}\\n28:{\\"name\\":\\"HTTPAccessErrorFallback\\",\\"key\\":null,\\"env\\":\\"Server\\",\\"owner\\":\\"$27\\",\\"stack\\":[],\\"props\\":{\\"status\\":404,\\"message\\":\\"This page could not be found.\\"}}\\n29:[]\\n2a:[]\\n2b:[]\\n2c:[]\\n2d:[]\\n2e:[]\\n2f:[]\\n30:[]\\n31:[]\\n32:[]\\n33:[]\\n34:[]\\n37:[]\\n3b:\\"$E(async function getViewportReady() {\\\\n        await viewport();\\\\n        return undefined;\\\\n    })\\"\\n3a:{\\"name\\":\\"__next_outlet_boundary__\\",\\"key\\":null,\\"env\\":\\"Server\\",\\"stack\\":[],\\"props\\":{\\"ready\\":\\"$3b\\"}}\\n3d:{\\"name\\":\\"StreamingMetadataOutletImpl\\",\\"key\\":null,\\"env\\":\\"Server\\",\\"stack\\":[],\\"props\\":{}}\\n3e:[]\\n41:[]\\n43:{\\"name\\":\\"NonIndex\\",\\"key\\":null,\\"env\\":\\"Server\\",\\"stack\\":[],\\"props\\":{\\"pagePath\\":\\"/auth\\",\\"statusCode\\":200,\\"isPossibleServerAction\\":false}}\\n45:{\\"name\\":\\"ViewportTree\\",\\"key\\":null,\\"env\\":\\"Server\\",\\"stack\\":[],\\"props\\":{}}\\n46:[]\\n49:{\\"name\\":\\"__next_viewport_boundary__\\",\\"key\\":null,\\"env\\":\\"Server\\",\\"owner\\":\\"$45\\",\\"stack\\":[],\\"props\\":{}}\\n4a:[]\\n4c:{\\"name\\":\\"MetadataTree\\",\\"key\\":null,\\"env\\":\\"Server\\",\\"stack\\":[],\\"props\\":{}}\\n4d:[]\\n50:{\\"name\\":\\"__next_metadata_boundary__\\",\\"key\\":null,\\"env\\":\\"Server\\",\\"owner\\":\\"$4c\\",\\"stack\\":[],\\"props\\":{}}\\n51:[]\\n52:[]\\n55:{\\"name\\":\\"MetadataResolver\\",\\"key\\":null,\\"env\\":\\"Server\\",\\"owner\\":\\"$50\\",\\"stack\\":[],\\"props\\":{}}\\n58:[]\\n59:[]\\n5a:[[\\"Array.map\\",\\"\\",0,0,0,0,false]]\\n5b:[[\\"Array.map\\",\\"\\",0,0,0,0,false]]\\n1:D\\"$2\\"\\n1:null\\n9:D\\"$a\\"\\n26:D\\"$27\\"\\n26:D\\"$28\\"\\n"])self.__next_f.push([1,"26:[[\\"$\\",\\"title\\",null,{\\"children\\":\\"404: This page could not be found.\\"},\\"$28\\",\\"$29\\",1],[\\"$\\",\\"div\\",null,{\\"style\\":{\\"fontFamily\\":\\"system-ui,\\\\\\"Segoe UI\\\\\\",Roboto,Helvetica,Arial,sans-serif,\\\\\\"Apple Color Emoji\\\\\\",\\\\\\"Segoe UI Emoji\\\\\\"\\",\\"height\\":\\"100vh\\",\\"textAlign\\":\\"center\\",\\"display\\":\\"flex\\",\\"flexDirection\\":\\"column\\",\\"alignItems\\":\\"center\\",\\"justifyContent\\":\\"center\\"},\\"children\\":[\\"$\\",\\"div\\",null,{\\"children\\":[[\\"$\\",\\"style\\",null,{\\"dangerouslySetInnerHTML\\":{\\"__html\\":\\"body{color:#000;background:#fff;margin:0}.next-error-h1{border-right:1px solid rgba(0,0,0,.3)}@media (prefers-color-scheme:dark){body{color:#fff;background:#000}.next-error-h1{border-right:1px solid rgba(255,255,255,.3)}}\\"}},\\"$28\\",\\"$2c\\",1],[\\"$\\",\\"h1\\",null,{\\"className\\":\\"next-error-h1\\",\\"style\\":{\\"display\\":\\"inline-block\\",\\"margin\\":\\"0 20px 0 0\\",\\"padding\\":\\"0 23px 0 0\\",\\"fontSize\\":24,\\"fontWeight\\":500,\\"verticalAlign\\":\\"top\\",\\"lineHeight\\":\\"49px\\"},\\"children\\":404},\\"$28\\",\\"$2d\\",1],[\\"$\\",\\"div\\",null,{\\"style\\":{\\"display\\":\\"inline-block\\"},\\"children\\":[\\"$\\",\\"h2\\",null,{\\"style\\":{\\"fontSize\\":14,\\"fontWeight\\":400'[39m... 6872 more characters
  },
  {
    tagName: [32m'BODY'[39m,
    textContent: [32m'((e, i, s, u, m, a, l, h)=>{\n'[39m +
      [32m'    let d = document.documentElement, w = [\n'[39m +
      [32m'        "light",\n'[39m +
      [32m'        "dark"\n'[39m +
      [32m'    ];\n'[39m +
      [32m'    function p(n) {\n'[39m +
      [32m'        (Array.isArray(e) ? e : [\n'[39m +
      [32m'            e\n'[39m +
      [32m'        ]).forEach((y)=>{\n'[39m +
      [32m'            let k = y === "class", S = k && a ? m.map((f)=>a[f] || f) : m;\n'[39m +
      [32m'            k ? (d.classList.remove(...S), d.classList.add(a && a[n] ? a[n] : n)) : d.setAttribute(y, n);\n'[39m +
      [32m'        }), R(n);\n'[39m +
      [32m'    }\n'[39m +
      [32m'    function R(n) {\n'[39m +
      [32m'        h && w.includes(n) && (d.style.colorScheme = n);\n'[39m +
      [32m'    }\n'[39m +
      [32m'    function c() {\n'[39m +
      [32m'        return window.matchMedia("(prefers-color-scheme: dark)").matches ? "dark" : "light";\n'[39m +
      [32m'    }\n'[39m +
      [32m'    if (u) p(u);\n'[39m +
      [32m'    else try {\n'[39m +
      [32m'        let n = localStorage.getItem(i) || s, y = l && n === "system" ? c() : n;\n'[39m +
      [32m'        p(y);\n'[39m +
      [32m'    } catch (n) {}\n'[39m +
      [32m'})("class","theme","light",null,["light","dark"],null,true,true)requestAnimationFrame(function(){$RT=performance.now()});(self.__next_f=self.__next_f||[]).push([0])self.__next_f.push([1,"7:\\"$Sreact.fragment\\"\\n1d:I[\\"(app-pages-browser)/./src/components/providers/theme-provider.tsx\\",[\\"app/layout\\",\\"static/chunks/app/layout.js\\"],\\"ThemeProvider\\"]\\n1f:I[\\"(app-pages-browser)/./src/components/providers/auth-provider.tsx\\",[\\"app/layout\\",\\"static/chunks/app/layout.js\\"],\\"AuthProvider\\"]\\n21:I[\\"(app-pages-browser)/./src/components/layout/main-layout.tsx\\",[\\"app/layout\\",\\"static/chunks/app/layout.js\\"],\\"MainLayout\\"]\\n23:I[\\"(app-pages-browser)/./node_modules/next/dist/client/components/layout-router.js\\",[\\"app-pages-internals\\",\\"static/chunks/app-pages-internals.js\\"],\\"\\"]\\n25:I[\\"(app-pages-browser)/./node_modules/next/dist/client/components/render-from-template-context.js\\",[\\"app-pages-internals\\",\\"static/chunks/app-pages-internals.js\\"],\\"\\"]\\n35:I[\\"(app-pages-browser)/./node_modules/next/dist/client/components/client-page.js\\",[\\"app-pages-internals\\",\\"static/chunks/app-pages-internals.js\\"],\\"ClientPageRoot\\"]\\n36:I[\\"(app-pages-browser)/./src/app/auth/page.tsx\\",[\\"app/auth/page\\",\\"static/chunks/app/auth/page.js\\"],\\"default\\"]\\n38:I[\\"(app-pages-browser)/./node_modules/next/dist/client/components/metadata/metadata-boundary.js\\",[\\"app-pages-internals\\",\\"static/chunks/app-pages-internals.js\\"],\\"OutletBoundary\\"]\\n3f:I[\\"(app-pages-browser)/./node_modules/next/dist/client/components/metadata/async-metadata.js\\",[\\"app-pages-internals\\",\\"static/chunks/app-pages-internals.js\\"],\\"AsyncMetadataOutlet\\"]\\n47:I[\\"(app-pages-browser)/./node_modules/next/dist/client/components/metadata/metadata-boundary.js\\",[\\"app-pages-internals\\",\\"static/chunks/app-pages-internals.js\\"],\\"ViewportBoundary\\"]\\n4e:I[\\"(app-pages-browser)/./node_modules/next/dist/client/components/metadata/metadata-boundary.js\\",[\\"app-pages-internals\\",\\"static/chunks/app-pages-internals.js\\"],\\"MetadataBoundary\\"]\\n53:\\"$Sreact.suspense\\"\\n57:I[\\"(app-pages-browser)/./node_modules/next/dist/client/components/builtin/global-error.js\\",[\\"app-pages-internals\\",\\"static/chunks/app-pages-internals.js\\"],\\"\\"]\\n:HL[\\"/_next/static/media/569ce4b8f30dc480-s.p.woff2\\",\\"font\\",{\\"crossOrigin\\":\\"\\",\\"type\\":\\"font/woff2\\"}]\\n:HL[\\"/_next/static"])self.__next_f.push([1,"/media/93f479601ee12b01-s.p.woff2\\",\\"font\\",{\\"crossOrigin\\":\\"\\",\\"type\\":\\"font/woff2\\"}]\\n:HL[\\"/_next/static/css/app/layout.css?v=1755644146541\\",\\"style\\"]\\n3:\\"$E(()=\\u003e{ctx.componentMod.preloadFont(href,type,ctx.renderOpts.crossOrigin,ctx.nonce)})\\"\\n4:\\"$E(()=\\u003e{ctx.componentMod.preloadFont(href,type,ctx.renderOpts.crossOrigin,ctx.nonce)})\\"\\n5:\\"$E(()=\\u003e{ctx.componentMod.preloadStyle(fullHref,ctx.renderOpts.crossOrigin,ctx.nonce)})\\"\\n2:{\\"name\\":\\"Preloads\\",\\"key\\":null,\\"env\\":\\"Server\\",\\"stack\\":[],\\"props\\":{\\"preloadCallbacks\\":[\\"$3\\",\\"$4\\",\\"$5\\"]}}\\n6:[]\\n8:[[\\"Array.map\\",\\"\\",0,0,0,0,false]]\\nb:I[\\"(app-pages-browser)/./node_modules/next/dist/client/components/layout-router.js\\",[\\"app-pages-internals\\",\\"static/chunks/app-pages-internals.js\\"],\\"\\"]\\ne:I[\\"(app-pages-browser)/./node_modules/next/dist/client/components/render-from-template-context.js\\",[\\"app-pages-internals\\",\\"static/chunks/app-pages-internals.js\\"],\\"\\"]\\nf:{}\\n10:[]\\nd:{\\"children\\":[\\"$\\",\\"$Le\\",null,\\"$f\\",null,\\"$10\\",1]}\\n11:[]\\nc:{\\"parallelRouterKey\\":\\"children\\",\\"error\\":\\"$undefined\\",\\"errorStyles\\":\\"$undefined\\",\\"errorScripts\\":\\"$undefined\\",\\"template\\":[\\"$\\",\\"$7\\",null,\\"$d\\",null,\\"$11\\",0],\\"templateStyles\\":\\"$undefined\\",\\"templateScripts\\":\\"$undefined\\",\\"notFound\\":\\"$Y\\",\\"forbidden\\":\\"$undefined\\",\\"unauthorized\\":\\"$undefined\\"}\\n12:[]\\na:{\\"name\\":\\"RootLayout\\",\\"key\\":null,\\"env\\":\\"Server\\",\\"stack\\":[],\\"props\\":{\\"children\\":[\\"$\\",\\"$Lb\\",null,\\"$c\\",null,\\"$12\\",1],\\"params\\":\\"$Y\\"}}\\n13:[[\\"RootLayout\\",\\"webpack-internal:///(rsc)/./src/app/layout.tsx\\",65,87,64,1,false]]\\n14:[[\\"RootLayout\\",\\"webpack-internal:///(rsc)/./src/app/layout.tsx\\",70,88,64,1,false]]\\n15:[[\\"RootLayout\\",\\"webpack-internal:///(rsc)/./src/app/layout.tsx\\",72,96,64,1,false]]\\n16:[[\\"RootLayout\\",\\"webpack-internal:///(rsc)/./src/app/layout.tsx\\",80,96,64,1,false]]\\n17:[[\\"RootLayout\\",\\"webpack-internal:///(rsc)/./src/app/layout.tsx\\",88,96,64,1,false]]\\n18:[[\\"RootLayout\\",\\"webpack-internal:///(rsc)/./src/app/layout.tsx\\",96,96,64,1,false]]\\n19:[[\\"RootLayout\\",\\"webpack-internal:///(rsc)/./src/app/layout.tsx\\",104,96,64,1,false]]\\n1a:[[\\"RootLayout\\",\\"webpack-internal:///(rsc)/./src/app/layout.tsx\\",112"])self.__next_f.push([1,",96,64,1,false]]\\n1b:[[\\"RootLayout\\",\\"webpack-internal:///(rsc)/./src/app/layout.tsx\\",126,88,64,1,false]]\\n1c:[[\\"RootLayout\\",\\"webpack-internal:///(rsc)/./src/app/layout.tsx\\",128,102,64,1,false]]\\n1e:[[\\"RootLayout\\",\\"webpack-internal:///(rsc)/./src/app/layout.tsx\\",133,106,64,1,false]]\\n20:[[\\"RootLayout\\",\\"webpack-internal:///(rsc)/./src/app/layout.tsx\\",134,110,64,1,false]]\\n22:[]\\n24:[]\\n27:{\\"name\\":\\"NotFound\\",\\"key\\":null,\\"env\\":\\"Server\\",\\"stack\\":[],\\"props\\":{}}\\n28:{\\"name\\":\\"HTTPAccessErrorFallback\\",\\"key\\":null,\\"env\\":\\"Server\\",\\"owner\\":\\"$27\\",\\"stack\\":[],\\"props\\":{\\"status\\":404,\\"message\\":\\"This page could not be found.\\"}}\\n29:[]\\n2a:[]\\n2b:[]\\n2c:[]\\n2d:[]\\n2e:[]\\n2f:[]\\n30:[]\\n31:[]\\n32:[]\\n33:[]\\n34:[]\\n37:[]\\n3b:\\"$E(async function getViewportReady() {\\\\n        await viewport();\\\\n        return undefined;\\\\n    })\\"\\n3a:{\\"name\\":\\"__next_outlet_boundary__\\",\\"key\\":null,\\"env\\":\\"Server\\",\\"stack\\":[],\\"props\\":{\\"ready\\":\\"$3b\\"}}\\n3d:{\\"name\\":\\"StreamingMetadataOutletImpl\\",\\"key\\":null,\\"env\\":\\"Server\\",\\"stack\\":[],\\"props\\":{}}\\n3e:[]\\n41:[]\\n43:{\\"name\\":\\"NonIndex\\",\\"key\\":null,\\"env\\":\\"Server\\",\\"stack\\":[],\\"props\\":{\\"pagePath\\":\\"/auth\\",\\"statusCode\\":200,\\"isPossibleServerAction\\":false}}\\n45:{\\"name\\":\\"ViewportTree\\",\\"key\\":null,\\"env\\":\\"Server\\",\\"stack\\":[],\\"props\\":{}}\\n46:[]\\n49:{\\"name\\":\\"__next_viewport_boundary__\\",\\"key\\":null,\\"env\\":\\"Server\\",\\"owner\\":\\"$45\\",\\"stack\\":[],\\"props\\":{}}\\n4a:[]\\n4c:{\\"name\\":\\"MetadataTree\\",\\"key\\":null,\\"env\\":\\"Server\\",\\"stack\\":[],\\"props\\":{}}\\n4d:[]\\n50:{\\"name\\":\\"__next_metadata_boundary__\\",\\"key\\":null,\\"env\\":\\"Server\\",\\"owner\\":\\"$4c\\",\\"stack\\":[],\\"props\\":{}}\\n51:[]\\n52:[]\\n55:{\\"name\\":\\"MetadataResolver\\",\\"key\\":null,\\"env\\":\\"Server\\",\\"owner\\":\\"$50\\",\\"stack\\":[],\\"props\\":{}}\\n58:[]\\n59:[]\\n5a:[[\\"Array.map\\",\\"\\",0,0,0,0,false]]\\n5b:[[\\"Array.map\\",\\"\\",0,0,0,0,false]]\\n1:D\\"$2\\"\\n1:null\\n9:D\\"$a\\"\\n26:D\\"$27\\"\\n26:D\\"$28\\"\\n"])self.__next_f.push([1,"26:[[\\"$\\",\\"title\\",null,{\\"children\\":\\"404: This page could not be found.\\"},\\"$28\\",\\"$29\\",1],[\\"$\\",\\"div\\",null,{\\"style\\":{\\"fontFamily\\":\\"system-ui,\\\\\\"Segoe UI\\\\\\",Roboto,Helvetica,Arial,sans-serif,\\\\\\"Apple Color Emoji\\\\\\",\\\\\\"Segoe UI Emoji\\\\\\"\\",\\"height\\":\\"100vh\\",\\"textAlign\\":\\"center\\",\\"display\\":\\"flex\\",\\"flexDirection\\":\\"column\\",\\"alignItems\\":\\"center\\",\\"justifyContent\\":\\"center\\"},\\"children\\":[\\"$\\",\\"div\\",null,{\\"children\\":[[\\"$\\",\\"style\\",null,{\\"dangerouslySetInnerHTML\\":{\\"__html\\":\\"body{color:#000;background:#fff;margin:0}.next-error-h1{border-right:1px solid rgba(0,0,0,.3)}@media (prefers-color-scheme:dark){body{color:#fff;background:#000}.next-error-h1{border-right:1px solid rgba(255,255,255,.3)}}\\"}},\\"$28\\",\\"$2c\\",1],[\\"$\\",\\"h1\\",null,{\\"className\\":\\"next-error-h1\\",\\"style\\":{\\"display\\":\\"inline-block\\",\\"margin\\":\\"0 20px 0 0\\",\\"padding\\":\\"0 23px 0 0\\",\\"fontSize\\":24,\\"fontWeight\\":500,\\"verticalAlign\\":\\"top\\",\\"lineHeight\\":\\"49px\\"},\\"children\\":404},\\"$28\\",\\"$2d\\",1],[\\"$\\",\\"div\\",null,{\\"style\\":{\\"display\\":\\"inline-block\\"},\\"children\\":[\\"$\\",\\"h2\\",null,{\\"style\\":{\\"fontSize\\":14,\\"fontWeight\\":400,\\"lineHeight\\":\\"49px\\",\\"margin\\":0},\\"children\\":\\"This page could not be found.\\"},\\"$28\\",\\"$2f\\",1]},\\"$28\\",\\"$2e\\",1]]},\\"$28\\",\\"$2b\\",1]},\\"$28\\",\\"$2a\\",1]]\\n"])self.__next_f.push([1,"9:[\\"$\\",\\"html\\",null,{\\"lang\\":\\"en\\",\\"suppressHydrationWarning\\":true,\\"data-scroll-behavior\\":\\"smooth\\",\\"children\\":[[\\"$\\",\\"head\\",null,{\\"children\\":[[\\"$\\",\\"link\\",null,{\\"rel\\":\\"manifest\\",\\"href\\":\\"/manifest.json\\"},\\"$a\\",\\"$15\\",1],[\\"$\\",\\"meta\\",null,{\\"name\\":\\"mobile-web-app-capable\\",\\"content\\":\\"yes\\"},\\"$a\\",\\"$16\\",1],[\\"$\\",\\"meta\\",null,{\\"name\\":\\"apple-mobile-web-app-capable\\",\\"content\\":\\"yes\\"},\\"$a\\",\\"$17\\",1],[\\"$\\",\\"meta\\",null,{\\"name\\":\\"apple-mobile-web-app-status-bar-style\\",\\"content\\":\\"default\\"},\\"$a\\",\\"$18\\",1],[\\"$\\",\\"meta\\",null,{\\"name\\":\\"apple-mobile-web-app-title\\",\\"content\\":\\"NextTaskPro\\"},\\"$a\\",\\"$19\\",1],[\\"$\\",\\"link\\",null,{\\"rel\\":\\"apple-touch-icon\\",\\"href\\":\\"/icon.svg\\"},\\"$a\\",\\"$1a\\",1]]},\\"$a\\",\\"$14\\",1],[\\"$\\",\\"body\\",null,{\\"className\\":\\"__variable_5cfdac __variable_9a8899 antialiased\\",\\"children\\":[\\"$\\",\\"$L1d\\",null,{\\"attribute\\":\\"class\\",\\"defaultTheme\\":\\"light\\",\\"enableSystem\\":true,\\"disableTransitionOnChange\\":true,\\"children\\":[\\"$\\",\\"$L1f\\",null,{\\"children\\":[\\"$\\",\\"$L21\\",null,{\\"children\\":[\\"$\\",\\"$L23\\",null,{\\"parallelRouterKey\\":\\"children\\",\\"error\\":'[39m... 5508 more characters
  },
  {
    tagName: [32m'SCRIPT'[39m,
    textContent: [32m'self.__next_f.push([1,"7:\\"$Sreact.fragment\\"\\n1d:I[\\"(app-pages-browser)/./src/components/providers/theme-provider.tsx\\",[\\"app/layout\\",\\"static/chunks/app/layout.js\\"],\\"ThemeProvider\\"]\\n1f:I[\\"(app-pages-browser)/./src/components/providers/auth-provider.tsx\\",[\\"app/layout\\",\\"static/chunks/app/layout.js\\"],\\"AuthProvider\\"]\\n21:I[\\"(app-pages-browser)/./src/components/layout/main-layout.tsx\\",[\\"app/layout\\",\\"static/chunks/app/layout.js\\"],\\"MainLayout\\"]\\n23:I[\\"(app-pages-browser)/./node_modules/next/dist/client/components/layout-router.js\\",[\\"app-pages-internals\\",\\"static/chunks/app-pages-internals.js\\"],\\"\\"]\\n25:I[\\"(app-pages-browser)/./node_modules/next/dist/client/components/render-from-template-context.js\\",[\\"app-pages-internals\\",\\"static/chunks/app-pages-internals.js\\"],\\"\\"]\\n35:I[\\"(app-pages-browser)/./node_modules/next/dist/client/components/client-page.js\\",[\\"app-pages-internals\\",\\"static/chunks/app-pages-internals.js\\"],\\"ClientPageRoot\\"]\\n36:I[\\"(app-pages-browser)/./src/app/auth/page.tsx\\",[\\"app/auth/page\\",\\"static/chunks/app/auth/page.js\\"],\\"default\\"]\\n38:I[\\"(app-pages-browser)/./node_modules/next/dist/client/components/metadata/metadata-boundary.js\\",[\\"app-pages-internals\\",\\"static/chunks/app-pages-internals.js\\"],\\"OutletBoundary\\"]\\n3f:I[\\"(app-pages-browser)/./node_modules/next/dist/client/components/metadata/async-metadata.js\\",[\\"app-pages-internals\\",\\"static/chunks/app-pages-internals.js\\"],\\"AsyncMetadataOutlet\\"]\\n47:I[\\"(app-pages-browser)/./node_modules/next/dist/client/components/metadata/metadata-boundary.js\\",[\\"app-pages-internals\\",\\"static/chunks/app-pages-internals.js\\"],\\"ViewportBoundary\\"]\\n4e:I[\\"(app-pages-browser)/./node_modules/next/dist/client/components/metadata/metadata-boundary.js\\",[\\"app-pages-internals\\",\\"static/chunks/app-pages-internals.js\\"],\\"MetadataBoundary\\"]\\n53:\\"$Sreact.suspense\\"\\n57:I[\\"(app-pages-browser)/./node_modules/next/dist/client/components/builtin/global-error.js\\",[\\"app-pages-internals\\",\\"static/chunks/app-pages-internals.js\\"],\\"\\"]\\n:HL[\\"/_next/static/media/569ce4b8f30dc480-s.p.woff2\\",\\"font\\",{\\"crossOrigin\\":\\"\\",\\"type\\":\\"font/woff2\\"}]\\n:HL[\\"/_next/static"])'[39m
  },
  {
    tagName: [32m'SCRIPT'[39m,
    textContent: [32m'self.__next_f.push([1,"/media/93f479601ee12b01-s.p.woff2\\",\\"font\\",{\\"crossOrigin\\":\\"\\",\\"type\\":\\"font/woff2\\"}]\\n:HL[\\"/_next/static/css/app/layout.css?v=1755644146541\\",\\"style\\"]\\n3:\\"$E(()=\\u003e{ctx.componentMod.preloadFont(href,type,ctx.renderOpts.crossOrigin,ctx.nonce)})\\"\\n4:\\"$E(()=\\u003e{ctx.componentMod.preloadFont(href,type,ctx.renderOpts.crossOrigin,ctx.nonce)})\\"\\n5:\\"$E(()=\\u003e{ctx.componentMod.preloadStyle(fullHref,ctx.renderOpts.crossOrigin,ctx.nonce)})\\"\\n2:{\\"name\\":\\"Preloads\\",\\"key\\":null,\\"env\\":\\"Server\\",\\"stack\\":[],\\"props\\":{\\"preloadCallbacks\\":[\\"$3\\",\\"$4\\",\\"$5\\"]}}\\n6:[]\\n8:[[\\"Array.map\\",\\"\\",0,0,0,0,false]]\\nb:I[\\"(app-pages-browser)/./node_modules/next/dist/client/components/layout-router.js\\",[\\"app-pages-internals\\",\\"static/chunks/app-pages-internals.js\\"],\\"\\"]\\ne:I[\\"(app-pages-browser)/./node_modules/next/dist/client/components/render-from-template-context.js\\",[\\"app-pages-internals\\",\\"static/chunks/app-pages-internals.js\\"],\\"\\"]\\nf:{}\\n10:[]\\nd:{\\"children\\":[\\"$\\",\\"$Le\\",null,\\"$f\\",null,\\"$10\\",1]}\\n11:[]\\nc:{\\"parallelRouterKey\\":\\"children\\",\\"error\\":\\"$undefined\\",\\"errorStyles\\":\\"$undefined\\",\\"errorScripts\\":\\"$undefined\\",\\"template\\":[\\"$\\",\\"$7\\",null,\\"$d\\",null,\\"$11\\",0],\\"templateStyles\\":\\"$undefined\\",\\"templateScripts\\":\\"$undefined\\",\\"notFound\\":\\"$Y\\",\\"forbidden\\":\\"$undefined\\",\\"unauthorized\\":\\"$undefined\\"}\\n12:[]\\na:{\\"name\\":\\"RootLayout\\",\\"key\\":null,\\"env\\":\\"Server\\",\\"stack\\":[],\\"props\\":{\\"children\\":[\\"$\\",\\"$Lb\\",null,\\"$c\\",null,\\"$12\\",1],\\"params\\":\\"$Y\\"}}\\n13:[[\\"RootLayout\\",\\"webpack-internal:///(rsc)/./src/app/layout.tsx\\",65,87,64,1,false]]\\n14:[[\\"RootLayout\\",\\"webpack-internal:///(rsc)/./src/app/layout.tsx\\",70,88,64,1,false]]\\n15:[[\\"RootLayout\\",\\"webpack-internal:///(rsc)/./src/app/layout.tsx\\",72,96,64,1,false]]\\n16:[[\\"RootLayout\\",\\"webpack-internal:///(rsc)/./src/app/layout.tsx\\",80,96,64,1,false]]\\n17:[[\\"RootLayout\\",\\"webpack-internal:///(rsc)/./src/app/layout.tsx\\",88,96,64,1,false]]\\n18:[[\\"RootLayout\\",\\"webpack-internal:///(rsc)/./src/app/layout.tsx\\",96,96,64,1,false]]\\n19:[[\\"RootLayout\\",\\"webpack-internal:///(rsc)/./src/app/layout.tsx\\",104,96,64,1,false]]\\n1a:[[\\"RootLayout\\",\\"webpack-internal:///(rsc)/./src/app/layout.tsx\\",112"])'[39m
  },
  {
    tagName: [32m'SCRIPT'[39m,
    textContent: [32m'self.__next_f.push([1,",96,64,1,false]]\\n1b:[[\\"RootLayout\\",\\"webpack-internal:///(rsc)/./src/app/layout.tsx\\",126,88,64,1,false]]\\n1c:[[\\"RootLayout\\",\\"webpack-internal:///(rsc)/./src/app/layout.tsx\\",128,102,64,1,false]]\\n1e:[[\\"RootLayout\\",\\"webpack-internal:///(rsc)/./src/app/layout.tsx\\",133,106,64,1,false]]\\n20:[[\\"RootLayout\\",\\"webpack-internal:///(rsc)/./src/app/layout.tsx\\",134,110,64,1,false]]\\n22:[]\\n24:[]\\n27:{\\"name\\":\\"NotFound\\",\\"key\\":null,\\"env\\":\\"Server\\",\\"stack\\":[],\\"props\\":{}}\\n28:{\\"name\\":\\"HTTPAccessErrorFallback\\",\\"key\\":null,\\"env\\":\\"Server\\",\\"owner\\":\\"$27\\",\\"stack\\":[],\\"props\\":{\\"status\\":404,\\"message\\":\\"This page could not be found.\\"}}\\n29:[]\\n2a:[]\\n2b:[]\\n2c:[]\\n2d:[]\\n2e:[]\\n2f:[]\\n30:[]\\n31:[]\\n32:[]\\n33:[]\\n34:[]\\n37:[]\\n3b:\\"$E(async function getViewportReady() {\\\\n        await viewport();\\\\n        return undefined;\\\\n    })\\"\\n3a:{\\"name\\":\\"__next_outlet_boundary__\\",\\"key\\":null,\\"env\\":\\"Server\\",\\"stack\\":[],\\"props\\":{\\"ready\\":\\"$3b\\"}}\\n3d:{\\"name\\":\\"StreamingMetadataOutletImpl\\",\\"key\\":null,\\"env\\":\\"Server\\",\\"stack\\":[],\\"props\\":{}}\\n3e:[]\\n41:[]\\n43:{\\"name\\":\\"NonIndex\\",\\"key\\":null,\\"env\\":\\"Server\\",\\"stack\\":[],\\"props\\":{\\"pagePath\\":\\"/auth\\",\\"statusCode\\":200,\\"isPossibleServerAction\\":false}}\\n45:{\\"name\\":\\"ViewportTree\\",\\"key\\":null,\\"env\\":\\"Server\\",\\"stack\\":[],\\"props\\":{}}\\n46:[]\\n49:{\\"name\\":\\"__next_viewport_boundary__\\",\\"key\\":null,\\"env\\":\\"Server\\",\\"owner\\":\\"$45\\",\\"stack\\":[],\\"props\\":{}}\\n4a:[]\\n4c:{\\"name\\":\\"MetadataTree\\",\\"key\\":null,\\"env\\":\\"Server\\",\\"stack\\":[],\\"props\\":{}}\\n4d:[]\\n50:{\\"name\\":\\"__next_metadata_boundary__\\",\\"key\\":null,\\"env\\":\\"Server\\",\\"owner\\":\\"$4c\\",\\"stack\\":[],\\"props\\":{}}\\n51:[]\\n52:[]\\n55:{\\"name\\":\\"MetadataResolver\\",\\"key\\":null,\\"env\\":\\"Server\\",\\"owner\\":\\"$50\\",\\"stack\\":[],\\"props\\":{}}\\n58:[]\\n59:[]\\n5a:[[\\"Array.map\\",\\"\\",0,0,0,0,false]]\\n5b:[[\\"Array.map\\",\\"\\",0,0,0,0,false]]\\n1:D\\"$2\\"\\n1:null\\n9:D\\"$a\\"\\n26:D\\"$27\\"\\n26:D\\"$28\\"\\n"])'[39m
  },
  {
    tagName: [32m'SCRIPT'[39m,
    textContent: [32m'self.__next_f.push([1,"26:[[\\"$\\",\\"title\\",null,{\\"children\\":\\"404: This page could not be found.\\"},\\"$28\\",\\"$29\\",1],[\\"$\\",\\"div\\",null,{\\"style\\":{\\"fontFamily\\":\\"system-ui,\\\\\\"Segoe UI\\\\\\",Roboto,Helvetica,Arial,sans-serif,\\\\\\"Apple Color Emoji\\\\\\",\\\\\\"Segoe UI Emoji\\\\\\"\\",\\"height\\":\\"100vh\\",\\"textAlign\\":\\"center\\",\\"display\\":\\"flex\\",\\"flexDirection\\":\\"column\\",\\"alignItems\\":\\"center\\",\\"justifyContent\\":\\"center\\"},\\"children\\":[\\"$\\",\\"div\\",null,{\\"children\\":[[\\"$\\",\\"style\\",null,{\\"dangerouslySetInnerHTML\\":{\\"__html\\":\\"body{color:#000;background:#fff;margin:0}.next-error-h1{border-right:1px solid rgba(0,0,0,.3)}@media (prefers-color-scheme:dark){body{color:#fff;background:#000}.next-error-h1{border-right:1px solid rgba(255,255,255,.3)}}\\"}},\\"$28\\",\\"$2c\\",1],[\\"$\\",\\"h1\\",null,{\\"className\\":\\"next-error-h1\\",\\"style\\":{\\"display\\":\\"inline-block\\",\\"margin\\":\\"0 20px 0 0\\",\\"padding\\":\\"0 23px 0 0\\",\\"fontSize\\":24,\\"fontWeight\\":500,\\"verticalAlign\\":\\"top\\",\\"lineHeight\\":\\"49px\\"},\\"children\\":404},\\"$28\\",\\"$2d\\",1],[\\"$\\",\\"div\\",null,{\\"style\\":{\\"display\\":\\"inline-block\\"},\\"children\\":[\\"$\\",\\"h2\\",null,{\\"style\\":{\\"fontSize\\":14,\\"fontWeight\\":400,\\"lineHeight\\":\\"49px\\",\\"margin\\":0},\\"children\\":\\"This page could not be found.\\"},\\"$28\\",\\"$2f\\",1]},\\"$28\\",\\"$2e\\",1]]},\\"$28\\",\\"$2b\\",1]},\\"$28\\",\\"$2a\\",1]]\\n"])'[39m
  },
  {
    tagName: [32m'SCRIPT'[39m,
    textContent: [32m'self.__next_f.push([1,"9:[\\"$\\",\\"html\\",null,{\\"lang\\":\\"en\\",\\"suppressHydrationWarning\\":true,\\"data-scroll-behavior\\":\\"smooth\\",\\"children\\":[[\\"$\\",\\"head\\",null,{\\"children\\":[[\\"$\\",\\"link\\",null,{\\"rel\\":\\"manifest\\",\\"href\\":\\"/manifest.json\\"},\\"$a\\",\\"$15\\",1],[\\"$\\",\\"meta\\",null,{\\"name\\":\\"mobile-web-app-capable\\",\\"content\\":\\"yes\\"},\\"$a\\",\\"$16\\",1],[\\"$\\",\\"meta\\",null,{\\"name\\":\\"apple-mobile-web-app-capable\\",\\"content\\":\\"yes\\"},\\"$a\\",\\"$17\\",1],[\\"$\\",\\"meta\\",null,{\\"name\\":\\"apple-mobile-web-app-status-bar-style\\",\\"content\\":\\"default\\"},\\"$a\\",\\"$18\\",1],[\\"$\\",\\"meta\\",null,{\\"name\\":\\"apple-mobile-web-app-title\\",\\"content\\":\\"NextTaskPro\\"},\\"$a\\",\\"$19\\",1],[\\"$\\",\\"link\\",null,{\\"rel\\":\\"apple-touch-icon\\",\\"href\\":\\"/icon.svg\\"},\\"$a\\",\\"$1a\\",1]]},\\"$a\\",\\"$14\\",1],[\\"$\\",\\"body\\",null,{\\"className\\":\\"__variable_5cfdac __variable_9a8899 antialiased\\",\\"children\\":[\\"$\\",\\"$L1d\\",null,{\\"attribute\\":\\"class\\",\\"defaultTheme\\":\\"light\\",\\"enableSystem\\":true,\\"disableTransitionOnChange\\":true,\\"children\\":[\\"$\\",\\"$L1f\\",null,{\\"children\\":[\\"$\\",\\"$L21\\",null,{\\"children\\":[\\"$\\",\\"$L23\\",null,{\\"parallelRouterKey\\":\\"children\\",\\"error\\":\\"$undefined\\",\\"errorStyles\\":\\"$undefined\\",\\"errorScripts\\":\\"$undefined\\",\\"template\\":[\\"$\\",\\"$L25\\",null,{},null,\\"$24\\",1],\\"templateStyles\\":\\"$undefined\\",\\"templateScripts\\":\\"$undefined\\",\\"notFound\\":[\\"$26\\",[]],\\"forbidden\\":\\"$undefined\\",\\"unauthorized\\":\\"$undefined\\"},null,\\"$22\\",1]},\\"$a\\",\\"$20\\",1]},\\"$a\\",\\"$1e\\",1]},\\"$a\\",\\"$1c\\",1]},\\"$a\\",\\"$1b\\",1]]},\\"$a\\",\\"$13\\",1]\\n"])'[39m
  },
  {
    tagName: [32m'SCRIPT'[39m,
    textContent: [32m'self.__next_f.push([1,"0:{\\"P\\":\\"$1\\",\\"b\\":\\"development\\",\\"p\\":\\"\\",\\"c\\":[\\"\\",\\"auth\\",\\"\\"],\\"i\\":false,\\"f\\":[[[\\"\\",{\\"children\\":[\\"auth\\",{\\"children\\":[\\"__PAGE__\\",{}]}]},\\"$undefined\\",\\"$undefined\\",true],[\\"\\",[\\"$\\",\\"$7\\",\\"c\\",{\\"children\\":[[[\\"$\\",\\"link\\",\\"0\\",{\\"rel\\":\\"stylesheet\\",\\"href\\":\\"/_next/static/css/app/layout.css?v=1755644146541\\",\\"precedence\\":\\"next_static/css/app/layout.css\\",\\"crossOrigin\\":\\"$undefined\\",\\"nonce\\":\\"$undefined\\"},null,\\"$8\\",0]],\\"$9\\"]},null,\\"$6\\",0],{\\"children\\":[\\"auth\\",[\\"$\\",\\"$7\\",\\"c\\",{\\"children\\":[null,[\\"$\\",\\"$L23\\",null,{\\"parallelRouterKey\\":\\"children\\",\\"error\\":\\"$undefined\\",\\"errorStyles\\":\\"$undefined\\",\\"errorScripts\\":\\"$undefined\\",\\"template\\":[\\"$\\",\\"$L25\\",null,{},null,\\"$32\\",1],\\"templateStyles\\":\\"$undefined\\",\\"templateScripts\\":\\"$undefined\\",\\"notFound\\":\\"$undefined\\",\\"forbidden\\":\\"$undefined\\",\\"unauthorized\\":\\"$undefined\\"},null,\\"$31\\",1]]},null,\\"$30\\",0],{\\"children\\":[\\"__PAGE__\\",[\\"$\\",\\"$7\\",\\"c\\",{\\"children\\":[[\\"$\\",\\"$L35\\",null,{\\"Component\\":\\"$36\\",\\"searchParams\\":{},\\"params\\":{}},null,\\"$34\\",1],null,[\\"$\\",\\"$L38\\",null,{\\"children\\":[\\"$L39\\",\\"$3c\\"]},null,\\"$37\\",1]]},null,\\"$33\\",0],{},null,false]},null,false]},null,false],[\\"$\\",\\"$7\\",\\"h\\",{\\"children\\":[\\"$42\\",\\"$44\\",\\"$4b\\"]},null,\\"$41\\",0],false]],\\"m\\":\\"$W56\\",\\"G\\":[\\"$57\\",[]],\\"s\\":false,\\"S\\":false}\\n"])'[39m
  },
  {
    tagName: [32m'SCRIPT'[39m,
    textContent: [32m`self.__next_f.push([1,"40:{\\"metadata\\":[[\\"$\\",\\"title\\",\\"0\\",{\\"children\\":\\"NextTaskPro - Your Adaptive Home Management Hub\\"},\\"$3d\\",\\"$5c\\",0],[\\"$\\",\\"meta\\",\\"1\\",{\\"name\\":\\"description\\",\\"content\\":\\"An intelligent home management platform that adapts to your family's needs. Track tasks, bills, recipes, shopping lists and more.\\"},\\"$3d\\",\\"$5d\\",0],[\\"$\\",\\"meta\\",\\"2\\",{\\"name\\":\\"author\\",\\"content\\":\\"NextTaskPro Team\\"},\\"$3d\\",\\"$5e\\",0],[\\"$\\",\\"meta\\",\\"3\\",{\\"name\\":\\"keywords\\",\\"content\\":\\"home management,family organizer,task management,bill tracking,recipe manager\\"},\\"$3d\\",\\"$5f\\",0],[\\"$\\",\\"meta\\",\\"4\\",{\\"name\\":\\"creator\\",\\"content\\":\\"NextTaskPro\\"},\\"$3d\\",\\"$60\\",0],[\\"$\\",\\"meta\\",\\"5\\",{\\"name\\":\\"publisher\\",\\"content\\":\\"NextTaskPro\\"},\\"$3d\\",\\"$61\\",0],[\\"$\\",\\"meta\\",\\"6\\",{\\"name\\":\\"format-detection\\",\\"content\\":\\"telephone=no, address=no, email=no\\"},\\"$3d\\",\\"$62\\",0],[\\"$\\",\\"link\\",\\"7\\",{\\"rel\\":\\"icon\\",\\"href\\":\\"/favicon.ico\\",\\"type\\":\\"image/x-icon\\",\\"sizes\\":\\"16x16\\"},\\"$3d\\",\\"$63\\",0],[\\"$\\",\\"$L65\\",\\"8\\",{},\\"$3d\\",\\"$64\\",0]],\\"error\\":null,\\"digest\\":\\"$undefined\\"}\\n"])`[39m
  },
  {
    tagName: [32m'DIV'[39m,
    textContent: [32m'Application error: a client-side exception has occurred while loading localhost (see the browser console for more information).'[39m
  },
  {
    tagName: [32m'DIV'[39m,
    textContent: [32m'Application error: a client-side exception has occurred while loading localhost (see the browser console for more information).'[39m
  },
  {
    tagName: [32m'H2'[39m,
    textContent: [32m'Application error: a client-side exception has occurred while loading localhost (see the browser console for more information).'[39m
  },
  {
    tagName: [32m'STYLE'[39m,
    textContent: [32m'.nextjs-toast {\n'[39m +
      [32m'  position: fixed;\n'[39m +
      [32m'  z-index: var(--top-z-index);\n'[39m +
      [32m'  max-width: 420px;\n'[39m +
      [32m'  box-shadow: 0px 16px 32px rgba(0, 0, 0, 0.25);\n'[39m +
      [32m'}\n'[39m +
      [32m'\n'[39m +
      [32m'.nextjs-toast-errors-parent {\n'[39m +
      [32m'  padding: 16px;\n'[39m +
      [32m'  border-radius: var(--rounded-4xl);\n'[39m +
      [32m'  font-weight: 500;\n'[39m +
      [32m'  color: var(--color-ansi-bright-white);\n'[39m +
      [32m'  background-color: var(--color-ansi-red);\n'[39m +
      [32m'}\n'[39m +
      [32m'\n'[39m +
      [32m'/*# sourceMappingURL=data:application/json;base64,eyJ2ZXJzaW9uIjozLCJzb3VyY2VzIjpbIndlYnBhY2s6Ly8uL3NyYy9uZXh0LWRldnRvb2xzL2Rldi1vdmVybGF5L2NvbXBvbmVudHMvdG9hc3Qvc3R5bGUuY3NzIl0sIm5hbWVzIjpbXSwibWFwcGluZ3MiOiJBQUFBO0VBQ0UsZUFBZTtFQUNmLDJCQUEyQjtFQUMzQixnQkFBZ0I7RUFDaEIsNkNBQTZDO0FBQy9DOztBQUVBO0VBQ0UsYUFBYTtFQUNiLGlDQUFpQztFQUNqQyxnQkFBZ0I7RUFDaEIscUNBQXFDO0VBQ3JDLHVDQUF1QztBQUN6QyIsInNvdXJjZXNDb250ZW50IjpbIi5uZXh0anMtdG9hc3Qge1xuICBwb3NpdGlvbjogZml4ZWQ7XG4gIHotaW5kZXg6IHZhcigtLXRvcC16LWluZGV4KTtcbiAgbWF4LXdpZHRoOiA0MjBweDtcbiAgYm94LXNoYWRvdzogMHB4IDE2cHggMzJweCByZ2JhKDAsIDAsIDAsIDAuMjUpO1xufVxuXG4ubmV4dGpzLXRvYXN0LWVycm9ycy1wYXJlbnQge1xuICBwYWRkaW5nOiAxNnB4O1xuICBib3JkZXItcmFkaXVzOiB2YXIoLS1yb3VuZGVkLTR4bCk7XG4gIGZvbnQtd2VpZ2h0OiA1MDA7XG4gIGNvbG9yOiB2YXIoLS1jb2xvci1hbnNpLWJyaWdodC13aGl0ZSk7XG4gIGJhY2tncm91bmQtY29sb3I6IHZhcigtLWNvbG9yLWFuc2ktcmVkKTtcbn1cbiJdLCJzb3VyY2VSb290IjoiIn0= */'[39m
  },
  {
    tagName: [32m'STYLE'[39m,
    textContent: [32m`.nextjs-data-copy-button{color:inherit;svg{width:var(--size-16);height:var(--size-16)}}.nextjs-data-copy-button:disabled{background-color:var(--color-gray-100);cursor:not-allowed}.nextjs-data-copy-button--initial:hover:not(:disabled){cursor:pointer}.nextjs-data-copy-button--error:not(:disabled),.nextjs-data-copy-button--error:hover:not(:disabled){color:var(--color-ansi-red)}.nextjs-data-copy-button--success:not(:disabled){color:var(--color-ansi-green)}[data-nextjs-call-stack-frame-no-source]{padding:6px 8px;margin-bottom:4px;border-radius:var(--rounded-lg)}[data-nextjs-call-stack-frame-no-source]:last-child{margin-bottom:0}[data-nextjs-call-stack-frame-ignored="true"]{opacity:0.6}[data-nextjs-call-stack-frame]{user-select:text;display:block;box-sizing:border-box;user-select:text;-webkit-user-select:text;-moz-user-select:text;-ms-user-select:text;padding:6px 8px;border-radius:var(--rounded-lg)}.call-stack-frame-method-name{display:flex;align-items:center;gap:4px;margin-bottom:4px;font-family:var(--font-stack-monospace);color:var(--color-gray-1000);font-size:var(--size-14);font-weight:500;line-height:var(--size-20);svg{width:var(--size-16px);height:var(--size-16px)}}.open-in-editor-button,.source-mapping-error-button{display:flex;align-items:center;justify-content:center;border-radius:var(--rounded-full);padding:4px;color:var(--color-font);svg{width:var(--size-16);height:var(--size-16)}&:focus-visible{outline:var(--focus-ring);outline-offset:-2px}&:hover{background:var(--color-gray-100)}}.call-stack-frame-file-source{color:var(--color-gray-900);font-size:var(--size-14);line-height:var(--size-20)}[data-nextjs-call-stack-container]{position:relative;margin-top:8px}[data-nextjs-call-stack-header]{display:flex;justify-content:space-between;align-items:center;min-height:var(--size-28);padding:8px 8px 12px 4px;width:100%}[data-nextjs-call-stack-title]{display:flex;justify-content:space-between;align-items:center;gap:8px;margin:0;color:var(--color-gray-1000);font-size:var(--size-16);font-weight:500}[data-nextjs-call-stack-count]{display:flex;justify-content:center;align-items:center;width:var(--size-20);height:var(--size-20);gap:4px;color:var(--color-gray-1000);text-align:center;font-size:var(--size-11);font-weight:500;line-height:var(--size-16);border-radius:var(--rounded-full);background:var(--color-gray-300)}[data-nextjs-call-stack-ignored-list-toggle-button]{all:unset;display:flex;align-items:center;gap:6px;color:var(--color-gray-900);font-size:var(--size-14);line-height:var(--size-20);border-radius:6px;padding:4px 6px;margin-right:-6px;transition:background 150ms ease;&:hover{background:var(--color-gray-100)}&:focus{outline:var(--focus-ring)}svg{width:var(--size-16);height:var(--size-16)}}[data-nextjs-environment-name-label]{padding:2px 6px;margin:0;border-radius:var(--rounded-md-2);background:var(--color-gray-100);font-weight:600;font-size:var(--size-12);color:var(--color-gray-900);font-family:var(--font-stack-monospace);line-height:var(--size-20)}[data-nextjs-dialog-overlay]{position:fixed;top:0;right:0;bottom:0;left:0;z-index:2147483646;display:flex;align-content:center;align-items:center;flex-direction:column;padding:10vh 15px 0}@media (max-height:812px){[data-nextjs-dialog-overlay]{padding:15px 15px 0}}[data-nextjs-dialog-backdrop]{position:fixed;top:0;right:0;bottom:0;left:0;background-color:var(--color-backdrop);backdrop-filter:blur(10px);pointer-events:all;z-index:-1}[data-nextjs-dialog-backdrop-fixed]{cursor:not-allowed;-webkit-backdrop-filter:blur(8px);backdrop-filter:blur(8px)}[data-nextjs-dialog-root]{--next-dialog-radius:var(--rounded-xl);--next-dialog-max-width:960px;--next-dialog-row-padding:16px;--next-dialog-padding:12px;--next-dialog-notch-height:42px;--next-dialog-border-width:1px;display:flex;flex-direction:column;width:100%;max-height:calc(100% - 56px);max-width:var(--next-dialog-max-width);margin-right:auto;margin-left:auto;scale:0.97;opacity:0;transition-property:scale,opacity;transition-duration:var(--transition-duration);transition-timing-function:var(--timing-overlay);&[data-rendered='true']{opacity:1;scale:1}[data-nextjs-scroll-fader][data-side='top']{left:1px;top:calc( var(--next-dialog-notch-height) + var(--next-dialog-border-width) );width:calc(100% - var(--next-dialog-padding));opacity:0}}[data-nextjs-dialog]{outline:0}[data-nextjs-dialog],[data-nextjs-dialog] *{&::-webkit-scrollbar{width:6px;height:6px;border-radius:0 0 1rem 1rem;margin-bottom:1rem}&::-webkit-scrollbar-button{display:none}&::-webkit-scrollbar-track{border-radius:0 0 1rem 1rem;background-color:var(--color-background-100)}&::-webkit-scrollbar-thumb{border-radius:1rem;background-color:var(--color-gray-500)}}[data-nextjs-dialog-sizer]{overflow:hidden;border-radius:inherit}[data-nextjs-dialog-backdrop]{opacity:0;transition:opacity var(--transition-duration) var(--timing-overlay)}[data-nextjs-dialog-overlay]{margin:8px}[data-nextjs-dialog-overlay][data-rendered='true'] [data-nextjs-dialog-backdrop]{opacity:1}[data-nextjs-dialog-content]{border:none;margin:0;display:flex;flex-direction:column;position:relative;padding:var(--next-dialog-padding)}[data-nextjs-dialog-content] > [data-nextjs-dialog-header]{flex-shrink:0;margin-bottom:8px}[data-nextjs-dialog-content] > [data-nextjs-dialog-body]{position:relative;flex:1 1 auto}@media (max-height:812px){[data-nextjs-dialog-overlay]{max-height:calc(100% - 15px)}}@media (min-width:576px){[data-nextjs-dialog-root]{--next-dialog-max-width:540px}}@media (min-width:768px){[data-nextjs-dialog-root]{--next-dialog-max-width:720px}}@media (min-width:992px){[data-nextjs-dialog-root]{--next-dialog-max-width:960px}}[data-nextjs-dialog-overlay]{padding:initial;top:10vh}.error-overlay-dialog-container{-webkit-font-smoothing:antialiased;display:flex;flex-direction:column;background:var(--color-background-100);background-clip:padding-box;border:var(--next-dialog-border-width) solid var(--color-gray-400);border-radius:0 0 var(--next-dialog-radius) var(--next-dialog-radius);box-shadow:var(--shadow-menu);position:relative;overflow:hidden}.error-overlay-dialog-scroll{overflow-y:auto;height:100%}.nextjs-container-errors-header{position:relative}.nextjs-container-errors-header > h1{font-size:var(--size-20);line-height:var(--size-24);font-weight:bold;margin:calc(16px * 1.5) 0;color:var(--color-title-h1)}.nextjs-container-errors-header small{font-size:var(--size-14);color:var(--color-accents-1);margin-left:16px}.nextjs-container-errors-header small > span{font-family:var(--font-stack-monospace)}.nextjs-container-errors-header > div > small{margin:0;margin-top:4px}.nextjs-container-errors-header > p > a{color:inherit;font-weight:bold}.nextjs-container-errors-header > .nextjs-container-build-error-version-status{position:absolute;top:16px;right:16px}[data-nextjs-error-overlay-nav]{--stroke-color:var(--color-gray-400);--background-color:var(--color-background-100);display:flex;justify-content:space-between;align-items:center;width:100%;position:relative;z-index:2;outline:none;translate:var(--next-dialog-border-width) var(--next-dialog-border-width);max-width:var(--next-dialog-max-width);.error-overlay-notch{translate:calc(var(--next-dialog-border-width) * -1);width:auto;height:var(--next-dialog-notch-height);padding:12px;background:var(--background-color);border:var(--next-dialog-border-width) solid var(--stroke-color);border-bottom:none;position:relative;&[data-side='left']{padding-right:0;border-radius:var(--next-dialog-radius) 0 0 0;.error-overlay-notch-tail{right:-54px}> *:not(.error-overlay-notch-tail){margin-right:-10px}}&[data-side='right']{padding-left:0;border-radius:0 var(--next-dialog-radius) 0 0;.error-overlay-notch-tail{left:-54px;transform:rotateY(180deg)}> *:not(.error-overlay-notch-tail){margin-left:-12px}}.error-overlay-notch-tail{position:absolute;top:calc(var(--next-dialog-border-width) * -1);pointer-events:none;z-index:-1;height:calc(100% + var(--next-dialog-border-width))}}}@media (max-width:600px){[data-nextjs-error-overlay-nav]{background:var(--background-color);border-radius:var(--next-dialog-radius) var(--next-dialog-radius) 0 0;border:var(--next-dialog-border-width) solid var(--stroke-color);border-bottom:none;overflow:hidden;translate:0 var(--next-dialog-border-width);.error-overlay-notch{border-radius:0;border:0;&[data-side="left"],&[data-side="right"]{border-radius:0}.error-overlay-notch-tail{display:none}}}}.nextjs__container_errors_label{padding:2px 6px;margin:0;border-radius:var(--rounded-md-2);background:var(--color-red-100);font-weight:600;font-size:var(--size-12);color:var(--color-red-900);font-family:var(--font-stack-monospace);line-height:var(--size-20)}.nextjs__container_errors_wrapper{position:relative}.nextjs__container_errors_desc{margin:0;margin-left:4px;color:var(--color-red-900);font-weight:500;font-size:var(--size-16);letter-spacing:-0.32px;line-height:var(--size-24);overflow-wrap:break-word;white-space:pre-wrap}.nextjs__container_errors_desc.truncated{max-height:200px;overflow:hidden}.nextjs__container_errors_gradient_overlay{position:absolute;bottom:0;left:0;right:0;height:85px;background:linear-gradient( 180deg,rgba(250,250,250,0) 0%,var(--color-background-100) 100% )}.nextjs__container_errors_expand_button{position:absolute;bottom:10px;left:50%;transform:translateX(-50%);display:flex;align-items:center;padding:6px 8px;background:var(--color-background-100);border:1px solid var(--color-gray-alpha-400);border-radius:999px;box-shadow:0px 2px 2px var(--color-gray-alpha-100),0px 8px 8px -8px var(--color-gray-alpha-100);font-size:var(--size-13);cursor:pointer;color:var(--color-gray-900);font-weight:500;transition:background-color 0.2s ease}.nextjs__container_errors_expand_button:hover{background:var(--color-gray-100)}.error-overlay-toolbar{display:flex;gap:6px}.nodejs-inspector-button,.copy-stack-trace-button,.docs-link-button{display:flex;justify-content:center;align-items:center;width:var(--size-28);height:var(--size-28);background:var(--color-background-100);ba`[39m... 33072 more characters
  },
  {
    tagName: [32m'DIV'[39m,
    textContent: [32m"[data-next-badge-root]{--timing:cubic-bezier(0.23,0.88,0.26,0.92);--duration-long:250ms;--color-outer-border:#171717;--color-inner-border:hsla(0,0%,100%,0.14);--color-hover-alpha-subtle:hsla(0,0%,100%,0.13);--color-hover-alpha-error:hsla(0,0%,100%,0.2);--color-hover-alpha-error-2:hsla(0,0%,100%,0.25);--mark-size:calc(var(--size) - var(--size-2) * 2);--focus-color:var(--color-blue-800);--focus-ring:2px solid var(--focus-color);&:has([data-next-badge][data-error='true']){--focus-color:#fff}}[data-disabled-icon]{display:flex;align-items:center;justify-content:center;padding-right:4px}[data-next-badge]{-webkit-font-smoothing:antialiased;width:var(--size);height:var(--size);display:flex;align-items:center;position:relative;background:rgba(0,0,0,0.8);box-shadow:0 0 0 1px var(--color-outer-border),inset 0 0 0 1px var(--color-inner-border),0px 16px 32px -8px rgba(0,0,0,0.24);backdrop-filter:blur(48px);border-radius:var(--rounded-full);user-select:none;cursor:pointer;scale:1;overflow:hidden;will-change:scale,box-shadow,width,background;transition:scale var(--duration-short) var(--timing),width var(--duration-long) var(--timing),box-shadow var(--duration-long) var(--timing),background var(--duration-short) ease;&:active[data-error='false']{scale:0.95}&[data-animate='true']:not(:hover){scale:1.02}&[data-error='false']:has([data-next-mark]:focus-visible){outline:var(--focus-ring);outline-offset:3px}&[data-error='true']{background:#ca2a30;--color-inner-border:#e5484d;[data-next-mark]{background:var(--color-hover-alpha-error);outline-offset:0px;&:focus-visible{outline:var(--focus-ring);outline-offset:-1px}&:hover{background:var(--color-hover-alpha-error-2)}}}&[data-error-expanded='false'][data-error='true'] ~ [data-dot]{scale:1}> div{display:flex}}[data-issues-collapse]:focus-visible{outline:var(--focus-ring)}[data-issues]:has([data-issues-open]:focus-visible){outline:var(--focus-ring);outline-offset:-1px}[data-dot]{content:'';width:var(--size-8);height:var(--size-8);background:#fff;box-shadow:0 0 0 1px var(--color-outer-border);border-radius:50%;position:absolute;top:2px;right:0px;scale:0;pointer-events:none;transition:scale 200ms var(--timing);transition-delay:var(--duration-short)}[data-issues]{--padding-left:8px;display:flex;gap:2px;align-items:center;padding-left:8px;padding-right:8px;height:var(--size-32);margin-right:2px;border-radius:var(--rounded-full);transition:background var(--duration-short) ease;&:has([data-issues-open]:hover){background:var(--color-hover-alpha-error)}&:has([data-issues-collapse]){padding-right:calc(var(--padding-left) / 2)}[data-cross]{translate:0px -1px}}[data-issues-open]{font-size:var(--size-13);color:white;width:fit-content;height:100%;display:flex;gap:2px;align-items:center;margin:0;line-height:var(--size-36);font-weight:500;z-index:2;white-space:nowrap;&:focus-visible{outline:0}}[data-issues-collapse]{width:var(--size-24);height:var(--size-24);border-radius:var(--rounded-full);transition:background var(--duration-short) ease;&:hover{background:var(--color-hover-alpha-error)}}[data-cross]{color:#fff;width:var(--size-12);height:var(--size-12)}[data-next-mark]{width:var(--mark-size);height:var(--mark-size);margin:0 2px;display:flex;align-items:center;border-radius:var(--rounded-full);transition:background var(--duration-long) var(--timing);&:focus-visible{outline:0}&:hover{background:var(--color-hover-alpha-subtle)}svg{flex-shrink:0;width:var(--size-40);height:var(--size-40)}}[data-issues-count-animation]{display:grid;place-items:center center;font-variant-numeric:tabular-nums;&[data-animate='false']{[data-issues-count-exit],[data-issues-count-enter]{animation-duration:0ms}}> *{grid-area:1 / 1}[data-issues-count-exit]{animation:fadeOut 300ms var(--timing) forwards}[data-issues-count-enter]{animation:fadeIn 300ms var(--timing) forwards}}[data-issues-count-plural]{display:inline-block;&[data-animate='true']{animation:fadeIn 300ms var(--timing) forwards}}.path0{animation:draw0 1.5s ease-in-out infinite}.path1{animation:draw1 1.5s ease-out infinite;animation-delay:0.3s}.paused{stroke-dashoffset:0}@keyframes fadeIn{0%{opacity:0;filter:blur(2px);transform:translateY(8px)}100%{opacity:1;filter:blur(0px);transform:translateY(0)}}@keyframes fadeOut{0%{opacity:1;filter:blur(0px);transform:translateY(0)}100%{opacity:0;transform:translateY(-12px);filter:blur(2px)}}@keyframes draw0{0%,25%{stroke-dashoffset:-29.6}25%,50%{stroke-dashoffset:0}50%,75%{stroke-dashoffset:0}75%,100%{stroke-dashoffset:29.6}}@keyframes draw1{0%,20%{stroke-dashoffset:-11.6}20%,50%{stroke-dashoffset:0}50%,75%{stroke-dashoffset:0}75%,100%{stroke-dashoffset:11.6}}@media (prefers-reduced-motion){[data-issues-count-exit],[data-issues-count-enter],[data-issues-count-plural]{animation-duration:0ms !important}}23 Issues"[39m
  },
  {
    tagName: [32m'DIV'[39m,
    textContent: [32m"[data-next-badge-root]{--timing:cubic-bezier(0.23,0.88,0.26,0.92);--duration-long:250ms;--color-outer-border:#171717;--color-inner-border:hsla(0,0%,100%,0.14);--color-hover-alpha-subtle:hsla(0,0%,100%,0.13);--color-hover-alpha-error:hsla(0,0%,100%,0.2);--color-hover-alpha-error-2:hsla(0,0%,100%,0.25);--mark-size:calc(var(--size) - var(--size-2) * 2);--focus-color:var(--color-blue-800);--focus-ring:2px solid var(--focus-color);&:has([data-next-badge][data-error='true']){--focus-color:#fff}}[data-disabled-icon]{display:flex;align-items:center;justify-content:center;padding-right:4px}[data-next-badge]{-webkit-font-smoothing:antialiased;width:var(--size);height:var(--size);display:flex;align-items:center;position:relative;background:rgba(0,0,0,0.8);box-shadow:0 0 0 1px var(--color-outer-border),inset 0 0 0 1px var(--color-inner-border),0px 16px 32px -8px rgba(0,0,0,0.24);backdrop-filter:blur(48px);border-radius:var(--rounded-full);user-select:none;cursor:pointer;scale:1;overflow:hidden;will-change:scale,box-shadow,width,background;transition:scale var(--duration-short) var(--timing),width var(--duration-long) var(--timing),box-shadow var(--duration-long) var(--timing),background var(--duration-short) ease;&:active[data-error='false']{scale:0.95}&[data-animate='true']:not(:hover){scale:1.02}&[data-error='false']:has([data-next-mark]:focus-visible){outline:var(--focus-ring);outline-offset:3px}&[data-error='true']{background:#ca2a30;--color-inner-border:#e5484d;[data-next-mark]{background:var(--color-hover-alpha-error);outline-offset:0px;&:focus-visible{outline:var(--focus-ring);outline-offset:-1px}&:hover{background:var(--color-hover-alpha-error-2)}}}&[data-error-expanded='false'][data-error='true'] ~ [data-dot]{scale:1}> div{display:flex}}[data-issues-collapse]:focus-visible{outline:var(--focus-ring)}[data-issues]:has([data-issues-open]:focus-visible){outline:var(--focus-ring);outline-offset:-1px}[data-dot]{content:'';width:var(--size-8);height:var(--size-8);background:#fff;box-shadow:0 0 0 1px var(--color-outer-border);border-radius:50%;position:absolute;top:2px;right:0px;scale:0;pointer-events:none;transition:scale 200ms var(--timing);transition-delay:var(--duration-short)}[data-issues]{--padding-left:8px;display:flex;gap:2px;align-items:center;padding-left:8px;padding-right:8px;height:var(--size-32);margin-right:2px;border-radius:var(--rounded-full);transition:background var(--duration-short) ease;&:has([data-issues-open]:hover){background:var(--color-hover-alpha-error)}&:has([data-issues-collapse]){padding-right:calc(var(--padding-left) / 2)}[data-cross]{translate:0px -1px}}[data-issues-open]{font-size:var(--size-13);color:white;width:fit-content;height:100%;display:flex;gap:2px;align-items:center;margin:0;line-height:var(--size-36);font-weight:500;z-index:2;white-space:nowrap;&:focus-visible{outline:0}}[data-issues-collapse]{width:var(--size-24);height:var(--size-24);border-radius:var(--rounded-full);transition:background var(--duration-short) ease;&:hover{background:var(--color-hover-alpha-error)}}[data-cross]{color:#fff;width:var(--size-12);height:var(--size-12)}[data-next-mark]{width:var(--mark-size);height:var(--mark-size);margin:0 2px;display:flex;align-items:center;border-radius:var(--rounded-full);transition:background var(--duration-long) var(--timing);&:focus-visible{outline:0}&:hover{background:var(--color-hover-alpha-subtle)}svg{flex-shrink:0;width:var(--size-40);height:var(--size-40)}}[data-issues-count-animation]{display:grid;place-items:center center;font-variant-numeric:tabular-nums;&[data-animate='false']{[data-issues-count-exit],[data-issues-count-enter]{animation-duration:0ms}}> *{grid-area:1 / 1}[data-issues-count-exit]{animation:fadeOut 300ms var(--timing) forwards}[data-issues-count-enter]{animation:fadeIn 300ms var(--timing) forwards}}[data-issues-count-plural]{display:inline-block;&[data-animate='true']{animation:fadeIn 300ms var(--timing) forwards}}.path0{animation:draw0 1.5s ease-in-out infinite}.path1{animation:draw1 1.5s ease-out infinite;animation-delay:0.3s}.paused{stroke-dashoffset:0}@keyframes fadeIn{0%{opacity:0;filter:blur(2px);transform:translateY(8px)}100%{opacity:1;filter:blur(0px);transform:translateY(0)}}@keyframes fadeOut{0%{opacity:1;filter:blur(0px);transform:translateY(0)}100%{opacity:0;transform:translateY(-12px);filter:blur(2px)}}@keyframes draw0{0%,25%{stroke-dashoffset:-29.6}25%,50%{stroke-dashoffset:0}50%,75%{stroke-dashoffset:0}75%,100%{stroke-dashoffset:29.6}}@keyframes draw1{0%,20%{stroke-dashoffset:-11.6}20%,50%{stroke-dashoffset:0}50%,75%{stroke-dashoffset:0}75%,100%{stroke-dashoffset:11.6}}@media (prefers-reduced-motion){[data-issues-count-exit],[data-issues-count-enter],[data-issues-count-plural]{animation-duration:0ms !important}}23 Issues"[39m
  },
  {
    tagName: [32m'DIV'[39m,
    textContent: [32m"[data-next-badge-root]{--timing:cubic-bezier(0.23,0.88,0.26,0.92);--duration-long:250ms;--color-outer-border:#171717;--color-inner-border:hsla(0,0%,100%,0.14);--color-hover-alpha-subtle:hsla(0,0%,100%,0.13);--color-hover-alpha-error:hsla(0,0%,100%,0.2);--color-hover-alpha-error-2:hsla(0,0%,100%,0.25);--mark-size:calc(var(--size) - var(--size-2) * 2);--focus-color:var(--color-blue-800);--focus-ring:2px solid var(--focus-color);&:has([data-next-badge][data-error='true']){--focus-color:#fff}}[data-disabled-icon]{display:flex;align-items:center;justify-content:center;padding-right:4px}[data-next-badge]{-webkit-font-smoothing:antialiased;width:var(--size);height:var(--size);display:flex;align-items:center;position:relative;background:rgba(0,0,0,0.8);box-shadow:0 0 0 1px var(--color-outer-border),inset 0 0 0 1px var(--color-inner-border),0px 16px 32px -8px rgba(0,0,0,0.24);backdrop-filter:blur(48px);border-radius:var(--rounded-full);user-select:none;cursor:pointer;scale:1;overflow:hidden;will-change:scale,box-shadow,width,background;transition:scale var(--duration-short) var(--timing),width var(--duration-long) var(--timing),box-shadow var(--duration-long) var(--timing),background var(--duration-short) ease;&:active[data-error='false']{scale:0.95}&[data-animate='true']:not(:hover){scale:1.02}&[data-error='false']:has([data-next-mark]:focus-visible){outline:var(--focus-ring);outline-offset:3px}&[data-error='true']{background:#ca2a30;--color-inner-border:#e5484d;[data-next-mark]{background:var(--color-hover-alpha-error);outline-offset:0px;&:focus-visible{outline:var(--focus-ring);outline-offset:-1px}&:hover{background:var(--color-hover-alpha-error-2)}}}&[data-error-expanded='false'][data-error='true'] ~ [data-dot]{scale:1}> div{display:flex}}[data-issues-collapse]:focus-visible{outline:var(--focus-ring)}[data-issues]:has([data-issues-open]:focus-visible){outline:var(--focus-ring);outline-offset:-1px}[data-dot]{content:'';width:var(--size-8);height:var(--size-8);background:#fff;box-shadow:0 0 0 1px var(--color-outer-border);border-radius:50%;position:absolute;top:2px;right:0px;scale:0;pointer-events:none;transition:scale 200ms var(--timing);transition-delay:var(--duration-short)}[data-issues]{--padding-left:8px;display:flex;gap:2px;align-items:center;padding-left:8px;padding-right:8px;height:var(--size-32);margin-right:2px;border-radius:var(--rounded-full);transition:background var(--duration-short) ease;&:has([data-issues-open]:hover){background:var(--color-hover-alpha-error)}&:has([data-issues-collapse]){padding-right:calc(var(--padding-left) / 2)}[data-cross]{translate:0px -1px}}[data-issues-open]{font-size:var(--size-13);color:white;width:fit-content;height:100%;display:flex;gap:2px;align-items:center;margin:0;line-height:var(--size-36);font-weight:500;z-index:2;white-space:nowrap;&:focus-visible{outline:0}}[data-issues-collapse]{width:var(--size-24);height:var(--size-24);border-radius:var(--rounded-full);transition:background var(--duration-short) ease;&:hover{background:var(--color-hover-alpha-error)}}[data-cross]{color:#fff;width:var(--size-12);height:var(--size-12)}[data-next-mark]{width:var(--mark-size);height:var(--mark-size);margin:0 2px;display:flex;align-items:center;border-radius:var(--rounded-full);transition:background var(--duration-long) var(--timing);&:focus-visible{outline:0}&:hover{background:var(--color-hover-alpha-subtle)}svg{flex-shrink:0;width:var(--size-40);height:var(--size-40)}}[data-issues-count-animation]{display:grid;place-items:center center;font-variant-numeric:tabular-nums;&[data-animate='false']{[data-issues-count-exit],[data-issues-count-enter]{animation-duration:0ms}}> *{grid-area:1 / 1}[data-issues-count-exit]{animation:fadeOut 300ms var(--timing) forwards}[data-issues-count-enter]{animation:fadeIn 300ms var(--timing) forwards}}[data-issues-count-plural]{display:inline-block;&[data-animate='true']{animation:fadeIn 300ms var(--timing) forwards}}.path0{animation:draw0 1.5s ease-in-out infinite}.path1{animation:draw1 1.5s ease-out infinite;animation-delay:0.3s}.paused{stroke-dashoffset:0}@keyframes fadeIn{0%{opacity:0;filter:blur(2px);transform:translateY(8px)}100%{opacity:1;filter:blur(0px);transform:translateY(0)}}@keyframes fadeOut{0%{opacity:1;filter:blur(0px);transform:translateY(0)}100%{opacity:0;transform:translateY(-12px);filter:blur(2px)}}@keyframes draw0{0%,25%{stroke-dashoffset:-29.6}25%,50%{stroke-dashoffset:0}50%,75%{stroke-dashoffset:0}75%,100%{stroke-dashoffset:29.6}}@keyframes draw1{0%,20%{stroke-dashoffset:-11.6}20%,50%{stroke-dashoffset:0}50%,75%{stroke-dashoffset:0}75%,100%{stroke-dashoffset:11.6}}@media (prefers-reduced-motion){[data-issues-count-exit],[data-issues-count-enter],[data-issues-count-plural]{animation-duration:0ms !important}}23 Issues"[39m
  },
  {
    tagName: [32m'STYLE'[39m,
    textContent: [32m"[data-next-badge-root]{--timing:cubic-bezier(0.23,0.88,0.26,0.92);--duration-long:250ms;--color-outer-border:#171717;--color-inner-border:hsla(0,0%,100%,0.14);--color-hover-alpha-subtle:hsla(0,0%,100%,0.13);--color-hover-alpha-error:hsla(0,0%,100%,0.2);--color-hover-alpha-error-2:hsla(0,0%,100%,0.25);--mark-size:calc(var(--size) - var(--size-2) * 2);--focus-color:var(--color-blue-800);--focus-ring:2px solid var(--focus-color);&:has([data-next-badge][data-error='true']){--focus-color:#fff}}[data-disabled-icon]{display:flex;align-items:center;justify-content:center;padding-right:4px}[data-next-badge]{-webkit-font-smoothing:antialiased;width:var(--size);height:var(--size);display:flex;align-items:center;position:relative;background:rgba(0,0,0,0.8);box-shadow:0 0 0 1px var(--color-outer-border),inset 0 0 0 1px var(--color-inner-border),0px 16px 32px -8px rgba(0,0,0,0.24);backdrop-filter:blur(48px);border-radius:var(--rounded-full);user-select:none;cursor:pointer;scale:1;overflow:hidden;will-change:scale,box-shadow,width,background;transition:scale var(--duration-short) var(--timing),width var(--duration-long) var(--timing),box-shadow var(--duration-long) var(--timing),background var(--duration-short) ease;&:active[data-error='false']{scale:0.95}&[data-animate='true']:not(:hover){scale:1.02}&[data-error='false']:has([data-next-mark]:focus-visible){outline:var(--focus-ring);outline-offset:3px}&[data-error='true']{background:#ca2a30;--color-inner-border:#e5484d;[data-next-mark]{background:var(--color-hover-alpha-error);outline-offset:0px;&:focus-visible{outline:var(--focus-ring);outline-offset:-1px}&:hover{background:var(--color-hover-alpha-error-2)}}}&[data-error-expanded='false'][data-error='true'] ~ [data-dot]{scale:1}> div{display:flex}}[data-issues-collapse]:focus-visible{outline:var(--focus-ring)}[data-issues]:has([data-issues-open]:focus-visible){outline:var(--focus-ring);outline-offset:-1px}[data-dot]{content:'';width:var(--size-8);height:var(--size-8);background:#fff;box-shadow:0 0 0 1px var(--color-outer-border);border-radius:50%;position:absolute;top:2px;right:0px;scale:0;pointer-events:none;transition:scale 200ms var(--timing);transition-delay:var(--duration-short)}[data-issues]{--padding-left:8px;display:flex;gap:2px;align-items:center;padding-left:8px;padding-right:8px;height:var(--size-32);margin-right:2px;border-radius:var(--rounded-full);transition:background var(--duration-short) ease;&:has([data-issues-open]:hover){background:var(--color-hover-alpha-error)}&:has([data-issues-collapse]){padding-right:calc(var(--padding-left) / 2)}[data-cross]{translate:0px -1px}}[data-issues-open]{font-size:var(--size-13);color:white;width:fit-content;height:100%;display:flex;gap:2px;align-items:center;margin:0;line-height:var(--size-36);font-weight:500;z-index:2;white-space:nowrap;&:focus-visible{outline:0}}[data-issues-collapse]{width:var(--size-24);height:var(--size-24);border-radius:var(--rounded-full);transition:background var(--duration-short) ease;&:hover{background:var(--color-hover-alpha-error)}}[data-cross]{color:#fff;width:var(--size-12);height:var(--size-12)}[data-next-mark]{width:var(--mark-size);height:var(--mark-size);margin:0 2px;display:flex;align-items:center;border-radius:var(--rounded-full);transition:background var(--duration-long) var(--timing);&:focus-visible{outline:0}&:hover{background:var(--color-hover-alpha-subtle)}svg{flex-shrink:0;width:var(--size-40);height:var(--size-40)}}[data-issues-count-animation]{display:grid;place-items:center center;font-variant-numeric:tabular-nums;&[data-animate='false']{[data-issues-count-exit],[data-issues-count-enter]{animation-duration:0ms}}> *{grid-area:1 / 1}[data-issues-count-exit]{animation:fadeOut 300ms var(--timing) forwards}[data-issues-count-enter]{animation:fadeIn 300ms var(--timing) forwards}}[data-issues-count-plural]{display:inline-block;&[data-animate='true']{animation:fadeIn 300ms var(--timing) forwards}}.path0{animation:draw0 1.5s ease-in-out infinite}.path1{animation:draw1 1.5s ease-out infinite;animation-delay:0.3s}.paused{stroke-dashoffset:0}@keyframes fadeIn{0%{opacity:0;filter:blur(2px);transform:translateY(8px)}100%{opacity:1;filter:blur(0px);transform:translateY(0)}}@keyframes fadeOut{0%{opacity:1;filter:blur(0px);transform:translateY(0)}100%{opacity:0;transform:translateY(-12px);filter:blur(2px)}}@keyframes draw0{0%,25%{stroke-dashoffset:-29.6}25%,50%{stroke-dashoffset:0}50%,75%{stroke-dashoffset:0}75%,100%{stroke-dashoffset:29.6}}@keyframes draw1{0%,20%{stroke-dashoffset:-11.6}20%,50%{stroke-dashoffset:0}50%,75%{stroke-dashoffset:0}75%,100%{stroke-dashoffset:11.6}}@media (prefers-reduced-motion){[data-issues-count-exit],[data-issues-count-enter],[data-issues-count-plural]{animation-duration:0ms !important}}"[39m
  },
  {
    tagName: [32m'DIV'[39m,
    textContent: [32m'1/3Next.js 15.4.6 (stale)WebpackRuntime ErrorMissing required Firebase environment variable: NEXT_PUBLIC_FIREBASE_API_KEYsrc/lib/firebase.ts (27:11) @ eval  25 | for (const envVar of requiredEnvVars) {  26 |   if (!process.env[envVar]) {> 27 |     throw new Error(`Missing required Firebase environment variable: ${envVar}`)     |           ^  28 |   }  29 | }  30 |Call Stack 23Show 18 ignore-listed frame(s)evalsrc/lib/firebase.ts (27:11)(app-pages-browser)/./src/lib/firebase.ts.next/static/chunks/app/layout.js (761:1)eval./src/components/providers/auth-provider.tsx(app-pages-browser)/./src/components/providers/auth-provider.tsx.next/static/chunks/app/layout.js (717:1)RootLayoutsrc/app/layout.tsx (68:11)12'[39m
  },
  {
    tagName: [32m'DIV'[39m,
    textContent: [32m'1/3Next.js 15.4.6 (stale)WebpackRuntime ErrorMissing required Firebase environment variable: NEXT_PUBLIC_FIREBASE_API_KEYsrc/lib/firebase.ts (27:11) @ eval  25 | for (const envVar of requiredEnvVars) {  26 |   if (!process.env[envVar]) {> 27 |     throw new Error(`Missing required Firebase environment variable: ${envVar}`)     |           ^  28 |   }  29 | }  30 |Call Stack 23Show 18 ignore-listed frame(s)evalsrc/lib/firebase.ts (27:11)(app-pages-browser)/./src/lib/firebase.ts.next/static/chunks/app/layout.js (761:1)eval./src/components/providers/auth-provider.tsx(app-pages-browser)/./src/components/providers/auth-provider.tsx.next/static/chunks/app/layout.js (717:1)RootLayoutsrc/app/layout.tsx (68:11)12'[39m
  },
  {
    tagName: [32m'DIV'[39m,
    textContent: [32m'Runtime ErrorMissing required Firebase environment variable: NEXT_PUBLIC_FIREBASE_API_KEYsrc/lib/firebase.ts (27:11) @ eval  25 | for (const envVar of requiredEnvVars) {  26 |   if (!process.env[envVar]) {> 27 |     throw new Error(`Missing required Firebase environment variable: ${envVar}`)     |           ^  28 |   }  29 | }  30 |Call Stack 23Show 18 ignore-listed frame(s)evalsrc/lib/firebase.ts (27:11)(app-pages-browser)/./src/lib/firebase.ts.next/static/chunks/app/layout.js (761:1)eval./src/components/providers/auth-provider.tsx(app-pages-browser)/./src/components/providers/auth-provider.tsx.next/static/chunks/app/layout.js (717:1)RootLayoutsrc/app/layout.tsx (68:11)12'[39m
  },
  {
    tagName: [32m'DIV'[39m,
    textContent: [32m'Runtime ErrorMissing required Firebase environment variable: NEXT_PUBLIC_FIREBASE_API_KEYsrc/lib/firebase.ts (27:11) @ eval  25 | for (const envVar of requiredEnvVars) {  26 |   if (!process.env[envVar]) {> 27 |     throw new Error(`Missing required Firebase environment variable: ${envVar}`)     |           ^  28 |   }  29 | }  30 |Call Stack 23Show 18 ignore-listed frame(s)evalsrc/lib/firebase.ts (27:11)(app-pages-browser)/./src/lib/firebase.ts.next/static/chunks/app/layout.js (761:1)eval./src/components/providers/auth-provider.tsx(app-pages-browser)/./src/components/providers/auth-provider.tsx.next/static/chunks/app/layout.js (717:1)RootLayoutsrc/app/layout.tsx (68:11)12'[39m
  },
  {
    tagName: [32m'DIV'[39m,
    textContent: [32m'Runtime ErrorMissing required Firebase environment variable: NEXT_PUBLIC_FIREBASE_API_KEYsrc/lib/firebase.ts (27:11) @ eval  25 | for (const envVar of requiredEnvVars) {  26 |   if (!process.env[envVar]) {> 27 |     throw new Error(`Missing required Firebase environment variable: ${envVar}`)     |           ^  28 |   }  29 | }  30 |Call Stack 23Show 18 ignore-listed frame(s)evalsrc/lib/firebase.ts (27:11)(app-pages-browser)/./src/lib/firebase.ts.next/static/chunks/app/layout.js (761:1)eval./src/components/providers/auth-provider.tsx(app-pages-browser)/./src/components/providers/auth-provider.tsx.next/static/chunks/app/layout.js (717:1)RootLayoutsrc/app/layout.tsx (68:11)'[39m
  },
  {
    tagName: [32m'DIV'[39m,
    textContent: [32m'Runtime ErrorMissing required Firebase environment variable: NEXT_PUBLIC_FIREBASE_API_KEYsrc/lib/firebase.ts (27:11) @ eval  25 | for (const envVar of requiredEnvVars) {  26 |   if (!process.env[envVar]) {> 27 |     throw new Error(`Missing required Firebase environment variable: ${envVar}`)     |           ^  28 |   }  29 | }  30 |Call Stack 23Show 18 ignore-listed frame(s)evalsrc/lib/firebase.ts (27:11)(app-pages-browser)/./src/lib/firebase.ts.next/static/chunks/app/layout.js (761:1)eval./src/components/providers/auth-provider.tsx(app-pages-browser)/./src/components/providers/auth-provider.tsx.next/static/chunks/app/layout.js (717:1)RootLayoutsrc/app/layout.tsx (68:11)'[39m
  },
  {
    tagName: [32m'DIV'[39m,
    textContent: [32m'Runtime ErrorMissing required Firebase environment variable: NEXT_PUBLIC_FIREBASE_API_KEYsrc/lib/firebase.ts (27:11) @ eval  25 | for (const envVar of requiredEnvVars) {  26 |   if (!process.env[envVar]) {> 27 |     throw new Error(`Missing required Firebase environment variable: ${envVar}`)     |           ^  28 |   }  29 | }  30 |Call Stack 23Show 18 ignore-listed frame(s)evalsrc/lib/firebase.ts (27:11)(app-pages-browser)/./src/lib/firebase.ts.next/static/chunks/app/layout.js (761:1)eval./src/components/providers/auth-provider.tsx(app-pages-browser)/./src/components/providers/auth-provider.tsx.next/static/chunks/app/layout.js (717:1)RootLayoutsrc/app/layout.tsx (68:11)'[39m
  },
  {
    tagName: [32m'DIV'[39m,
    textContent: [32m'Runtime ErrorMissing required Firebase environment variable: NEXT_PUBLIC_FIREBASE_API_KEY'[39m
  },
  { tagName: [32m'DIV'[39m, textContent: [32m'Runtime Error'[39m },
  { tagName: [32m'SPAN'[39m, textContent: [32m'Runtime Error'[39m },
  { tagName: [32m'SPAN'[39m, textContent: [32m'Runtime Error'[39m },
  {
    tagName: [32m'DIV'[39m,
    textContent: [32m'Missing required Firebase environment variable: NEXT_PUBLIC_FIREBASE_API_KEY'[39m
  },
  {
    tagName: [32m'P'[39m,
    textContent: [32m'Missing required Firebase environment variable: NEXT_PUBLIC_FIREBASE_API_KEY'[39m
  },
  {
    tagName: [32m'DIV'[39m,
    textContent: [32m'src/lib/firebase.ts (27:11) @ eval  25 | for (const envVar of requiredEnvVars) {  26 |   if (!process.env[envVar]) {> 27 |     throw new Error(`Missing required Firebase environment variable: ${envVar}`)     |           ^  28 |   }  29 | }  30 |Call Stack 23Show 18 ignore-listed frame(s)evalsrc/lib/firebase.ts (27:11)(app-pages-browser)/./src/lib/firebase.ts.next/static/chunks/app/layout.js (761:1)eval./src/components/providers/auth-provider.tsx(app-pages-browser)/./src/components/providers/auth-provider.tsx.next/static/chunks/app/layout.js (717:1)RootLayoutsrc/app/layout.tsx (68:11)'[39m
  },
  {
    tagName: [32m'DIV'[39m,
    textContent: [32m'src/lib/firebase.ts (27:11) @ eval  25 | for (const envVar of requiredEnvVars) {  26 |   if (!process.env[envVar]) {> 27 |     throw new Error(`Missing required Firebase environment variable: ${envVar}`)     |           ^  28 |   }  29 | }  30 |'[39m
  },
  {
    tagName: [32m'PRE'[39m,
    textContent: [32m'25 | for (const envVar of requiredEnvVars) {  26 |   if (!process.env[envVar]) {> 27 |     throw new Error(`Missing required Firebase environment variable: ${envVar}`)     |           ^  28 |   }  29 | }  30 |'[39m
  },
  {
    tagName: [32m'DIV'[39m,
    textContent: [32m'25 | for (const envVar of requiredEnvVars) {  26 |   if (!process.env[envVar]) {> 27 |     throw new Error(`Missing required Firebase environment variable: ${envVar}`)     |           ^  28 |   }  29 | }  30 |'[39m
  },
  {
    tagName: [32m'DIV'[39m,
    textContent: [32m'> 27 |     throw new Error(`Missing required Firebase environment variable: ${envVar}`)'[39m
  },
  {
    tagName: [32m'SPAN'[39m,
    textContent: [32m'> 27 |     throw new Error(`Missing required Firebase environment variable: ${envVar}`)'[39m
  }
]
✓ Manual test completed
]]>
</system-out>
</testcase>
<testcase name="Manual Google Authentication Visual Test › should check Firebase configuration in browser" classname="manual-google-auth-test.spec.ts" time="1.66">
<system-out>
<![CDATA[Checking Firebase configuration...
Environment check result: {
  env: { message: [32m'process.env not available in browser'[39m },
  firebaseConfig: [1mnull[22m,
  errors: [ [32m'Firebase not found in window object'[39m ]
}
]]>
</system-out>
</testcase>
</testsuite>
</testsuites>